<html>
<body>
<pre>
<h1>µVision Build Log</h1>
<h2>Tool Versions:</h2>
IDE-Version: ¦ÌVision V5.34.0.0
Copyright (C) 2021 ARM Ltd and ARM Germany GmbH. All rights reserved.
License Information: 111 1, 1111, LIC=UJWP0-B7YDU-ARSXW-Q9LAY-YDSAI-RIK5W
 
Tool Versions:
Toolchain:       MDK-ARM Plus  Version: 5.34.0.0
Toolchain Path:  D:\Keil_v5\ARM\ARMCC\Bin
C Compiler:      Armcc.exe V5.06 update 7 (build 960)
Assembler:       Armasm.exe V5.06 update 7 (build 960)
Linker/Locator:  ArmLink.exe V5.06 update 7 (build 960)
Library Manager: ArmAr.exe V5.06 update 7 (build 960)
Hex Converter:   FromElf.exe V5.06 update 7 (build 960)
CPU DLL:         SARMCM3.DLL V5.34.0.0
Dialog DLL:      DCM.DLL V1.17.3.0
Target DLL:      CMSIS_AGDI.dll V1.32.13.0
Dialog DLL:      TCM.DLL V1.48.0.0
 
<h2>Project:</h2>
D:\AI_Navi_Lab\utterIV\utterIV\MDK-ARM\utterIV.uvprojx
Project File Date:  07/08/2026

<h2>Output:</h2>
*** Using Compiler 'V5.06 update 7 (build 960)', folder: 'D:\Keil_v5\ARM\ARMCC\Bin'
Build target 'utterIV'
compiling stabilizer.c...
../HARDWARE/interface/icm-42688.h(125): warning:  #1-D: last line of file ends without a newline
  #endif // ICM_42688_H
../HARDWARE/interface/spi_driver.h(41): warning:  #1-D: last line of file ends without a newline
  #endif // SPI_DRIVER_H
../Middlewares/Third_Party/MavLink/common/../mavlink_types.h(17): warning:  #47-D: incompatible redefinition of macro "MAVPACKED"  (declared at line 36 of "../COMMUNICATE/interface/jetson_link.h")
    #define MAVPACKED( __Declaration__ ) __Declaration__ __attribute__((packed))
../Middlewares/Third_Party/MavLink/common/common.h(128): warning:  #66-D: enumeration value is out of "int" range
     MAV_SYS_STATUS_EXTENSION_USED=2147483648, /* 0x80000000 Extended bit-field are used for further sensor status bits (needs to be set in onboard_control_sensors_present only) | */
../Middlewares/Third_Party/MavLink/common/common.h(129): warning:  #66-D: enumeration value is out of "int" range
     MAV_SYS_STATUS_SENSOR_ENUM_END=2147483649, /*  | */
../Middlewares/Third_Party/MavLink/common/common.h(2677): warning:  #66-D: enumeration value is out of "int" range
     HIL_SENSOR_UPDATED_RESET=2147483648, /* Full reset of attitude/position/velocities/etc was performed in sim (Bit 31). | */
../Middlewares/Third_Party/MavLink/common/common.h(2678): warning:  #66-D: enumeration value is out of "int" range
     HIL_SENSOR_UPDATED_FLAGS_ENUM_END=2147483649, /*  | */
../Middlewares/Third_Party/MavLink/common/../standard/standard.h(3): warning:  #1-D: last line of file ends without a newline
  #endif
../HARDWARE/interface/thrusters.h(34): warning:  #1-D: last line of file ends without a newline
  #endif
../NAVIGATION/interface/power_control.h(24): warning:  #1-D: last line of file ends without a newline
  #endif 
../NAVIGATION/interface/state_control.h(15): warning:  #1-D: last line of file ends without a newline
  #endif
..\NAVIGATION\src\stabilizer.c(50): warning:  #177-D: variable "print_div"  was declared but never referenced
  	uint32_t print_div = 0;
..\NAVIGATION\src\stabilizer.c(12): warning:  #177-D: variable "isInit"  was declared but never referenced
  static bool isInit = false;
..\NAVIGATION\src\stabilizer.c: 13 warnings, 0 errors
compiling state_control.c...
../NAVIGATION/interface/state_control.h(15): warning:  #1-D: last line of file ends without a newline
  #endif
../CONFIG/interface/config_param.h(40): warning:  #1-D: last line of file ends without a newline
  #endif
../NAVIGATION/interface/pid.h(46): warning:  #1-D: last line of file ends without a newline
  #endif
../Middlewares/Third_Party/MavLink/common/../mavlink_types.h(17): warning:  #47-D: incompatible redefinition of macro "MAVPACKED"  (declared at line 36 of "../COMMUNICATE/interface/jetson_link.h")
    #define MAVPACKED( __Declaration__ ) __Declaration__ __attribute__((packed))
../Middlewares/Third_Party/MavLink/common/common.h(128): warning:  #66-D: enumeration value is out of "int" range
     MAV_SYS_STATUS_EXTENSION_USED=2147483648, /* 0x80000000 Extended bit-field are used for further sensor status bits (needs to be set in onboard_control_sensors_present only) | */
../Middlewares/Third_Party/MavLink/common/common.h(129): warning:  #66-D: enumeration value is out of "int" range
     MAV_SYS_STATUS_SENSOR_ENUM_END=2147483649, /*  | */
../Middlewares/Third_Party/MavLink/common/common.h(2677): warning:  #66-D: enumeration value is out of "int" range
     HIL_SENSOR_UPDATED_RESET=2147483648, /* Full reset of attitude/position/velocities/etc was performed in sim (Bit 31). | */
../Middlewares/Third_Party/MavLink/common/common.h(2678): warning:  #66-D: enumeration value is out of "int" range
     HIL_SENSOR_UPDATED_FLAGS_ENUM_END=2147483649, /*  | */
../Middlewares/Third_Party/MavLink/common/../standard/standard.h(3): warning:  #1-D: last line of file ends without a newline
  #endif
..\NAVIGATION\src\state_control.c(43): warning:  #1-D: last line of file ends without a newline
  	
..\NAVIGATION\src\state_control.c: 10 warnings, 0 errors
linking...
Program Size: Code=29072 RO-data=3888 RW-data=380 ZI-data=29572  
FromELF: creating hex file...
"utterIV\utterIV.axf" - 0 Error(s), 23 Warning(s).

<h2>Software Packages used:</h2>

Package Vendor: ARM
                http://www.keil.com/pack/ARM.CMSIS.5.7.0.pack
                ARM.CMSIS.5.7.0
                CMSIS (Cortex Microcontroller Software Interface Standard)
   * Component: CORE Version: 5.4.0

Package Vendor: Keil
                https://www.keil.com/pack/Keil.STM32F4xx_DFP.2.17.0.pack
                Keil.STM32F4xx_DFP.2.17.0
                STMicroelectronics STM32F4 Series Device Support, Drivers and Examples

<h2>Collection of Component include folders:</h2>
  .\RTE\_utterIV
  D:\Keil_v5\Packs\ARM\CMSIS\5.7.0\CMSIS\Core\Include
  D:\Keil_v5\Packs\Keil\STM32F4xx_DFP\2.17.0\Drivers\CMSIS\Device\ST\STM32F4xx\Include

<h2>Collection of Component Files used:</h2>

   * Component: ARM::CMSIS:CORE:5.4.0
      Include file:  CMSIS\Core\Include\tz_context.h
Build Time Elapsed:  00:00:03
</pre>
</body>
</html>
