Component: ARM Compiler 5.06 update 7 (build 960) Tool: armlink [4d3601]

==============================================================================

Section Cross References

    startup_stm32f407xx.o(STACK) refers (Special) to heapauxi.o(.text) for __use_two_region_memory
    startup_stm32f407xx.o(HEAP) refers (Special) to heapauxi.o(.text) for __use_two_region_memory
    startup_stm32f407xx.o(RESET) refers (Special) to heapauxi.o(.text) for __use_two_region_memory
    startup_stm32f407xx.o(RESET) refers to startup_stm32f407xx.o(STACK) for __initial_sp
    startup_stm32f407xx.o(RESET) refers to startup_stm32f407xx.o(.text) for Reset_Handler
    startup_stm32f407xx.o(RESET) refers to stm32f4xx_it.o(i.NMI_Handler) for NMI_Handler
    startup_stm32f407xx.o(RESET) refers to stm32f4xx_it.o(i.HardFault_Handler) for HardFault_Handler
    startup_stm32f407xx.o(RESET) refers to stm32f4xx_it.o(i.MemManage_Handler) for MemManage_Handler
    startup_stm32f407xx.o(RESET) refers to stm32f4xx_it.o(i.BusFault_Handler) for BusFault_Handler
    startup_stm32f407xx.o(RESET) refers to stm32f4xx_it.o(i.UsageFault_Handler) for UsageFault_Handler
    startup_stm32f407xx.o(RESET) refers to port.o(.emb_text) for SVC_Handler
    startup_stm32f407xx.o(RESET) refers to stm32f4xx_it.o(i.DebugMon_Handler) for DebugMon_Handler
    startup_stm32f407xx.o(RESET) refers to cmsis_os2.o(i.SysTick_Handler) for SysTick_Handler
    startup_stm32f407xx.o(RESET) refers to stm32f4xx_it.o(i.USART1_IRQHandler) for USART1_IRQHandler
    startup_stm32f407xx.o(RESET) refers to stm32f4xx_it.o(i.TIM5_IRQHandler) for TIM5_IRQHandler
    startup_stm32f407xx.o(RESET) refers to stm32f4xx_it.o(i.DMA2_Stream7_IRQHandler) for DMA2_Stream7_IRQHandler
    startup_stm32f407xx.o(.text) refers (Special) to heapauxi.o(.text) for __use_two_region_memory
    startup_stm32f407xx.o(.text) refers to system_stm32f4xx.o(i.SystemInit) for SystemInit
    startup_stm32f407xx.o(.text) refers to __main.o(!!!main) for __main
    startup_stm32f407xx.o(.text) refers to startup_stm32f407xx.o(HEAP) for Heap_Mem
    startup_stm32f407xx.o(.text) refers to startup_stm32f407xx.o(STACK) for Stack_Mem
    main.o(.rev16_text) refers (Special) to use_no_semi_2.o(.text) for __use_no_semihosting
    main.o(.revsh_text) refers (Special) to use_no_semi_2.o(.text) for __use_no_semihosting
    main.o(.rrx_text) refers (Special) to use_no_semi_2.o(.text) for __use_no_semihosting
    main.o(i.Error_Handler) refers (Special) to use_no_semi_2.o(.text) for __use_no_semihosting
    main.o(i.HAL_TIM_PeriodElapsedCallback) refers (Special) to use_no_semi_2.o(.text) for __use_no_semihosting
    main.o(i.HAL_TIM_PeriodElapsedCallback) refers to stm32f4xx_hal.o(i.HAL_IncTick) for HAL_IncTick
    main.o(i.MX_GPIO_Init) refers (Special) to use_no_semi_2.o(.text) for __use_no_semihosting
    main.o(i.MX_GPIO_Init) refers to rt_memclr_w.o(.text) for __aeabi_memclr4
    main.o(i.MX_GPIO_Init) refers to stm32f4xx_hal_gpio.o(i.HAL_GPIO_WritePin) for HAL_GPIO_WritePin
    main.o(i.MX_GPIO_Init) refers to stm32f4xx_hal_gpio.o(i.HAL_GPIO_Init) for HAL_GPIO_Init
    main.o(i.MX_SPI1_Init) refers (Special) to use_no_semi_2.o(.text) for __use_no_semihosting
    main.o(i.MX_SPI1_Init) refers to stm32f4xx_hal_spi.o(i.HAL_SPI_Init) for HAL_SPI_Init
    main.o(i.MX_SPI1_Init) refers to main.o(.bss) for .bss
    main.o(i.MX_TIM1_Init) refers (Special) to use_no_semi_2.o(.text) for __use_no_semihosting
    main.o(i.MX_TIM1_Init) refers to rt_memclr_w.o(.text) for __aeabi_memclr4
    main.o(i.MX_TIM1_Init) refers to stm32f4xx_hal_tim.o(i.HAL_TIM_PWM_Init) for HAL_TIM_PWM_Init
    main.o(i.MX_TIM1_Init) refers to stm32f4xx_hal_tim_ex.o(i.HAL_TIMEx_MasterConfigSynchronization) for HAL_TIMEx_MasterConfigSynchronization
    main.o(i.MX_TIM1_Init) refers to stm32f4xx_hal_tim.o(i.HAL_TIM_PWM_ConfigChannel) for HAL_TIM_PWM_ConfigChannel
    main.o(i.MX_TIM1_Init) refers to stm32f4xx_hal_tim_ex.o(i.HAL_TIMEx_ConfigBreakDeadTime) for HAL_TIMEx_ConfigBreakDeadTime
    main.o(i.MX_TIM1_Init) refers to stm32f4xx_hal_msp.o(i.HAL_TIM_MspPostInit) for HAL_TIM_MspPostInit
    main.o(i.MX_TIM1_Init) refers to main.o(.bss) for .bss
    main.o(i.MX_TIM4_Init) refers (Special) to use_no_semi_2.o(.text) for __use_no_semihosting
    main.o(i.MX_TIM4_Init) refers to rt_memclr_w.o(.text) for __aeabi_memclr4
    main.o(i.MX_TIM4_Init) refers to stm32f4xx_hal_tim.o(i.HAL_TIM_PWM_Init) for HAL_TIM_PWM_Init
    main.o(i.MX_TIM4_Init) refers to stm32f4xx_hal_tim_ex.o(i.HAL_TIMEx_MasterConfigSynchronization) for HAL_TIMEx_MasterConfigSynchronization
    main.o(i.MX_TIM4_Init) refers to stm32f4xx_hal_tim.o(i.HAL_TIM_PWM_ConfigChannel) for HAL_TIM_PWM_ConfigChannel
    main.o(i.MX_TIM4_Init) refers to stm32f4xx_hal_msp.o(i.HAL_TIM_MspPostInit) for HAL_TIM_MspPostInit
    main.o(i.MX_TIM4_Init) refers to main.o(.bss) for .bss
    main.o(i.StartDefaultTask) refers (Special) to use_no_semi_2.o(.text) for __use_no_semihosting
[...]
    .bss                                     0x20006560   Section       36  sensfusion6.o(.bss)
    .bss                                     0x20006584   Section      200  stabilizer.o(.bss)
    setpoint                                 0x20006584   Data          72  stabilizer.o(.bss)
    control                                  0x200065cc   Data          16  stabilizer.o(.bss)
    sensorData                               0x200065dc   Data          24  stabilizer.o(.bss)
    state                                    0x200065f4   Data          88  stabilizer.o(.bss)
    .bss                                     0x2000664c   Section      240  attitude_pid.o(.bss)
    .bss                                     0x2000673c   Section     1888  jetson_link.o(.bss)
    m_mavlink_status                         0x2000673c   Data          96  jetson_link.o(.bss)
    m_mavlink_buffer                         0x2000679c   Data        1164  jetson_link.o(.bss)
    msg                                      0x20006c28   Data         291  jetson_link.o(.bss)
    status                                   0x20006d4c   Data          24  jetson_link.o(.bss)
    sp_cache                                 0x20006e7c   Data          32  jetson_link.o(.bss)
    .bss                                     0x20006e9c   Section       96  libspace.o(.bss)
    HEAP                                     0x20006f00   Section      512  startup_stm32f407xx.o(HEAP)
    Heap_Mem                                 0x20006f00   Data         512  startup_stm32f407xx.o(HEAP)
    STACK                                    0x20007100   Section     1024  startup_stm32f407xx.o(STACK)
    Stack_Mem                                0x20007100   Data        1024  startup_stm32f407xx.o(STACK)
    __initial_sp                             0x20007500   Data           0  startup_stm32f407xx.o(STACK)

    Global Symbols

    Symbol Name                              Value     Ov Type        Size  Object(Section)

    BuildAttributes$$THM_ISAv4$E$P$D$K$B$S$7EM$VFPi3$EXTD16$VFPS$VFMA$PE$A:L22UL41UL21$X:L11$S22US41US21$IEEE1$IW$USESV6$~STKCKD$USESV7$~SHL$OTIME$ROPI$IEEEX$EBA8$UX$STANDARDLIB$REQ8$PRES8$EABIv2 0x00000000   Number         0  anon$$obj.o ABSOLUTE
    __ARM_use_no_argv                        0x00000000   Number         0  main.o ABSOLUTE
    __ARM_exceptions_init                     - Undefined Weak Reference
    __alloca_initialize                       - Undefined Weak Reference
    __arm_fini_                               - Undefined Weak Reference
    __arm_preinit_                            - Undefined Weak Reference
    __cpp_initialize__aeabi_                  - Undefined Weak Reference
    __cxa_finalize                            - Undefined Weak Reference
    __rt_locale                               - Undefined Weak Reference
    __sigvec_lookup                           - Undefined Weak Reference
    _atexit_init                              - Undefined Weak Reference
    _call_atexit_fns                          - Undefined Weak Reference
    _clock_init                               - Undefined Weak Reference
    _fp_trap_init                             - Undefined Weak Reference
    _fp_trap_shutdown                         - Undefined Weak Reference
    _get_lc_collate                           - Undefined Weak Reference
    _get_lc_ctype                             - Undefined Weak Reference
    _get_lc_monetary                          - Undefined Weak Reference
    _get_lc_numeric                           - Undefined Weak Reference
    _get_lc_time                              - Undefined Weak Reference
    _getenv_init                              - Undefined Weak Reference
    _handle_redirection                       - Undefined Weak Reference
    _init_alloc                               - Undefined Weak Reference
    _init_user_alloc                          - Undefined Weak Reference
    _initio                                   - Undefined Weak Reference
    _rand_init                                - Undefined Weak Reference
    _signal_finish                            - Undefined Weak Reference
    _signal_init                              - Undefined Weak Reference
    _terminate_alloc                          - Undefined Weak Reference
    _terminate_user_alloc                     - Undefined Weak Reference
    _terminateio                              - Undefined Weak Reference
    __Vectors_Size                           0x00000188   Number         0  startup_stm32f407xx.o ABSOLUTE
    __Vectors                                0x08000000   Data           4  startup_stm32f407xx.o(RESET)
    __Vectors_End                            0x08000188   Data           0  startup_stm32f407xx.o(RESET)
    __main                                   0x08000189   Thumb Code     8  __main.o(!!!main)
    __scatterload                            0x08000191   Thumb Code     0  __scatter.o(!!!scatter)
    __scatterload_rt2                        0x08000191   Thumb Code    44  __scatter.o(!!!scatter)
    __scatterload_rt2_thumb_only             0x08000191   Thumb Code     0  __scatter.o(!!!scatter)
    __scatterload_null                       0x0800019f   Thumb Code     0  __scatter.o(!!!scatter)
    __decompress                             0x080001c5   Thumb Code    90  __dczerorl2.o(!!dczerorl2)
    __decompress1                            0x080001c5   Thumb Code     0  __dczerorl2.o(!!dczerorl2)
    __scatterload_zeroinit                   0x08000221   Thumb Code    28  __scatter_zi.o(!!handler_zi)
    __rt_lib_init                            0x0800023d   Thumb Code     0  libinit.o(.ARM.Collect$$libinit$$00000000)
    __rt_lib_init_fp_1                       0x0800023f   Thumb Code     0  libinit2.o(.ARM.Collect$$libinit$$00000001)
    __rt_lib_init_alloca_1                   0x08000243   Thumb Code     0  libinit2.o(.ARM.Collect$$libinit$$0000002E)
    __rt_lib_init_argv_1                     0x08000243   Thumb Code     0  libinit2.o(.ARM.Collect$$libinit$$0000002C)
    __rt_lib_init_atexit_1                   0x08000243   Thumb Code     0  libinit2.o(.ARM.Collect$$libinit$$0000001B)
    __rt_lib_init_clock_1                    0x08000243   Thumb Code     0  libinit2.o(.ARM.Collect$$libinit$$00000021)
    __rt_lib_init_cpp_1                      0x08000243   Thumb Code     0  libinit2.o(.ARM.Collect$$libinit$$00000032)
    __rt_lib_init_exceptions_1               0x08000243   Thumb Code     0  libinit2.o(.ARM.Collect$$libinit$$00000030)
    __rt_lib_init_fp_trap_1                  0x08000243   Thumb Code     0  libinit2.o(.ARM.Collect$$libinit$$0000001F)
    __rt_lib_init_getenv_1                   0x08000243   Thumb Code     0  libinit2.o(.ARM.Collect$$libinit$$00000023)
    __rt_lib_init_heap_1                     0x08000243   Thumb Code     0  libinit2.o(.ARM.Collect$$libinit$$0000000A)
    __rt_lib_init_lc_collate_1               0x08000243   Thumb Code     0  libinit2.o(.ARM.Collect$$libinit$$00000011)
    __rt_lib_init_lc_ctype_1                 0x08000243   Thumb Code     0  libinit2.o(.ARM.Collect$$libinit$$00000013)
    __rt_lib_init_lc_monetary_1              0x08000243   Thumb Code     0  libinit2.o(.ARM.Collect$$libinit$$00000015)
    __rt_lib_init_lc_numeric_1               0x08000243   Thumb Code     0  libinit2.o(.ARM.Collect$$libinit$$00000017)
    __rt_lib_init_lc_time_1                  0x08000243   Thumb Code     0  libinit2.o(.ARM.Collect$$libinit$$00000019)
    __rt_lib_init_preinit_1                  0x08000243   Thumb Code     0  libinit2.o(.ARM.Collect$$libinit$$00000004)
    __rt_lib_init_rand_1                     0x08000243   Thumb Code     0  libinit2.o(.ARM.Collect$$libinit$$0000000E)
    __rt_lib_init_return                     0x08000243   Thumb Code     0  libinit2.o(.ARM.Collect$$libinit$$00000033)
    __rt_lib_init_signal_1                   0x08000243   Thumb Code     0  libinit2.o(.ARM.Collect$$libinit$$0000001D)
    __rt_lib_init_stdio_1                    0x08000243   Thumb Code     0  libinit2.o(.ARM.Collect$$libinit$$00000025)
    __rt_lib_init_user_alloc_1               0x08000243   Thumb Code     0  libinit2.o(.ARM.Collect$$libinit$$0000000C)
    __rt_lib_shutdown                        0x08000245   Thumb Code     0  libshutdown.o(.ARM.Collect$$libshutdown$$00000000)
    __rt_lib_shutdown_cpp_1                  0x08000247   Thumb Code     0  libshutdown2.o(.ARM.Collect$$libshutdown$$00000004)
    __rt_lib_shutdown_fini_1                 0x08000247   Thumb Code     0  libshutdown2.o(.ARM.Collect$$libshutdown$$00000002)
    __rt_lib_shutdown_fp_trap_1              0x08000247   Thumb Code     0  libshutdown2.o(.ARM.Collect$$libshutdown$$00000009)
    __rt_lib_shutdown_heap_1                 0x08000247   Thumb Code     0  libshutdown2.o(.ARM.Collect$$libshutdown$$00000011)
    __rt_lib_shutdown_return                 0x08000247   Thumb Code     0  libshutdown2.o(.ARM.Collect$$libshutdown$$00000012)
    __rt_lib_shutdown_signal_1               0x08000247   Thumb Code     0  libshutdown2.o(.ARM.Collect$$libshutdown$$0000000C)
    __rt_lib_shutdown_stdio_1                0x08000247   Thumb Code     0  libshutdown2.o(.ARM.Collect$$libshutdown$$00000006)
    __rt_lib_shutdown_user_alloc_1           0x08000247   Thumb Code     0  libshutdown2.o(.ARM.Collect$$libshutdown$$0000000E)
    __rt_entry                               0x08000249   Thumb Code     0  __rtentry.o(.ARM.Collect$$rtentry$$00000000)
    __rt_entry_presh_1                       0x08000249   Thumb Code     0  __rtentry2.o(.ARM.Collect$$rtentry$$00000002)
    __rt_entry_sh                            0x08000249   Thumb Code     0  __rtentry4.o(.ARM.Collect$$rtentry$$00000004)
    __rt_entry_li                            0x0800024f   Thumb Code     0  __rtentry2.o(.ARM.Collect$$rtentry$$0000000A)
    __rt_entry_postsh_1                      0x0800024f   Thumb Code     0  __rtentry2.o(.ARM.Collect$$rtentry$$00000009)
    __rt_entry_main                          0x08000253   Thumb Code     0  __rtentry2.o(.ARM.Collect$$rtentry$$0000000D)
    __rt_entry_postli_1                      0x08000253   Thumb Code     0  __rtentry2.o(.ARM.Collect$$rtentry$$0000000C)
    __rt_exit                                0x0800025b   Thumb Code     0  rtexit.o(.ARM.Collect$$rtexit$$00000000)
    __rt_exit_ls                             0x0800025d   Thumb Code     0  rtexit2.o(.ARM.Collect$$rtexit$$00000003)
    __rt_exit_prels_1                        0x0800025d   Thumb Code     0  rtexit2.o(.ARM.Collect$$rtexit$$00000002)
    __rt_exit_exit                           0x08000261   Thumb Code     0  rtexit2.o(.ARM.Collect$$rtexit$$00000004)
    SVC_Handler                              0x08000269   Thumb Code    28  port.o(.emb_text)
    __asm___6_port_c_39a90d8d__prvStartFirstTask 0x08000289   Thumb Code    36  port.o(.emb_text)
    __asm___6_port_c_39a90d8d__prvEnableVFP  0x080002b1   Thumb Code    16  port.o(.emb_text)
    PendSV_Handler                           0x080002c5   Thumb Code    88  port.o(.emb_text)
    vPortGetIPSR                             0x08000321   Thumb Code     6  port.o(.emb_text)
    Reset_Handler                            0x08000329   Thumb Code     8  startup_stm32f407xx.o(.text)
    ADC_IRQHandler                           0x08000343   Thumb Code     0  startup_stm32f407xx.o(.text)
    CAN1_RX0_IRQHandler                      0x08000343   Thumb Code     0  startup_stm32f407xx.o(.text)
    CAN1_RX1_IRQHandler                      0x08000343   Thumb Code     0  startup_stm32f407xx.o(.text)
    CAN1_SCE_IRQHandler                      0x08000343   Thumb Code     0  startup_stm32f407xx.o(.text)
    CAN1_TX_IRQHandler                       0x08000343   Thumb Code     0  startup_stm32f407xx.o(.text)
    CAN2_RX0_IRQHandler                      0x08000343   Thumb Code     0  startup_stm32f407xx.o(.text)
    CAN2_RX1_IRQHandler                      0x08000343   Thumb Code     0  startup_stm32f407xx.o(.text)
    CAN2_SCE_IRQHandler                      0x08000343   Thumb Code     0  startup_stm32f407xx.o(.text)
    CAN2_TX_IRQHandler                       0x08000343   Thumb Code     0  startup_stm32f407xx.o(.text)
    DCMI_IRQHandler                          0x08000343   Thumb Code     0  startup_stm32f407xx.o(.text)
    DMA1_Stream0_IRQHandler                  0x08000343   Thumb Code     0  startup_stm32f407xx.o(.text)
    DMA1_Stream1_IRQHandler                  0x08000343   Thumb Code     0  startup_stm32f407xx.o(.text)
    DMA1_Stream2_IRQHandler                  0x08000343   Thumb Code     0  startup_stm32f407xx.o(.text)
    DMA1_Stream3_IRQHandler                  0x08000343   Thumb Code     0  startup_stm32f407xx.o(.text)
    DMA1_Stream4_IRQHandler                  0x08000343   Thumb Code     0  startup_stm32f407xx.o(.text)
    DMA1_Stream5_IRQHandler                  0x08000343   Thumb Code     0  startup_stm32f407xx.o(.text)
    DMA1_Stream6_IRQHandler                  0x08000343   Thumb Code     0  startup_stm32f407xx.o(.text)
    DMA1_Stream7_IRQHandler                  0x08000343   Thumb Code     0  startup_stm32f407xx.o(.text)
    DMA2_Stream0_IRQHandler                  0x08000343   Thumb Code     0  startup_stm32f407xx.o(.text)
    DMA2_Stream1_IRQHandler                  0x08000343   Thumb Code     0  startup_stm32f407xx.o(.text)
    DMA2_Stream2_IRQHandler                  0x08000343   Thumb Code     0  startup_stm32f407xx.o(.text)
    DMA2_Stream3_IRQHandler                  0x08000343   Thumb Code     0  startup_stm32f407xx.o(.text)
    DMA2_Stream4_IRQHandler                  0x08000343   Thumb Code     0  startup_stm32f407xx.o(.text)
    DMA2_Stream5_IRQHandler                  0x08000343   Thumb Code     0  startup_stm32f407xx.o(.text)
    DMA2_Stream6_IRQHandler                  0x08000343   Thumb Code     0  startup_stm32f407xx.o(.text)
    ETH_IRQHandler                           0x08000343   Thumb Code     0  startup_stm32f407xx.o(.text)
    ETH_WKUP_IRQHandler                      0x08000343   Thumb Code     0  startup_stm32f407xx.o(.text)
    EXTI0_IRQHandler                         0x08000343   Thumb Code     0  startup_stm32f407xx.o(.text)
    EXTI15_10_IRQHandler                     0x08000343   Thumb Code     0  startup_stm32f407xx.o(.text)
    EXTI1_IRQHandler                         0x08000343   Thumb Code     0  startup_stm32f407xx.o(.text)
    EXTI2_IRQHandler                         0x08000343   Thumb Code     0  startup_stm32f407xx.o(.text)
    EXTI3_IRQHandler                         0x08000343   Thumb Code     0  startup_stm32f407xx.o(.text)
    EXTI4_IRQHandler                         0x08000343   Thumb Code     0  startup_stm32f407xx.o(.text)
    EXTI9_5_IRQHandler                       0x08000343   Thumb Code     0  startup_stm32f407xx.o(.text)
    FLASH_IRQHandler                         0x08000343   Thumb Code     0  startup_stm32f407xx.o(.text)
    FMC_IRQHandler                           0x08000343   Thumb Code     0  startup_stm32f407xx.o(.text)
    FPU_IRQHandler                           0x08000343   Thumb Code     0  startup_stm32f407xx.o(.text)
    HASH_RNG_IRQHandler                      0x08000343   Thumb Code     0  startup_stm32f407xx.o(.text)
    I2C1_ER_IRQHandler                       0x08000343   Thumb Code     0  startup_stm32f407xx.o(.text)
    I2C1_EV_IRQHandler                       0x08000343   Thumb Code     0  startup_stm32f407xx.o(.text)
    I2C2_ER_IRQHandler                       0x08000343   Thumb Code     0  startup_stm32f407xx.o(.text)
    I2C2_EV_IRQHandler                       0x08000343   Thumb Code     0  startup_stm32f407xx.o(.text)
    I2C3_ER_IRQHandler                       0x08000343   Thumb Code     0  startup_stm32f407xx.o(.text)
    I2C3_EV_IRQHandler                       0x08000343   Thumb Code     0  startup_stm32f407xx.o(.text)
    OTG_FS_IRQHandler                        0x08000343   Thumb Code     0  startup_stm32f407xx.o(.text)
    OTG_FS_WKUP_IRQHandler                   0x08000343   Thumb Code     0  startup_stm32f407xx.o(.text)
    OTG_HS_EP1_IN_IRQHandler                 0x08000343   Thumb Code     0  startup_stm32f407xx.o(.text)
    OTG_HS_EP1_OUT_IRQHandler                0x08000343   Thumb Code     0  startup_stm32f407xx.o(.text)
    OTG_HS_IRQHandler                        0x08000343   Thumb Code     0  startup_stm32f407xx.o(.text)
    OTG_HS_WKUP_IRQHandler                   0x08000343   Thumb Code     0  startup_stm32f407xx.o(.text)
    PVD_IRQHandler                           0x08000343   Thumb Code     0  startup_stm32f407xx.o(.text)
    RCC_IRQHandler                           0x08000343   Thumb Code     0  startup_stm32f407xx.o(.text)
    RTC_Alarm_IRQHandler                     0x08000343   Thumb Code     0  startup_stm32f407xx.o(.text)
    RTC_WKUP_IRQHandler                      0x08000343   Thumb Code     0  startup_stm32f407xx.o(.text)
    SDIO_IRQHandler                          0x08000343   Thumb Code     0  startup_stm32f407xx.o(.text)
    SPI1_IRQHandler                          0x08000343   Thumb Code     0  startup_stm32f407xx.o(.text)
    SPI2_IRQHandler                          0x08000343   Thumb Code     0  startup_stm32f407xx.o(.text)
    SPI3_IRQHandler                          0x08000343   Thumb Code     0  startup_stm32f407xx.o(.text)
    TAMP_STAMP_IRQHandler                    0x08000343   Thumb Code     0  startup_stm32f407xx.o(.text)
    TIM1_BRK_TIM9_IRQHandler                 0x08000343   Thumb Code     0  startup_stm32f407xx.o(.text)
    TIM1_CC_IRQHandler                       0x08000343   Thumb Code     0  startup_stm32f407xx.o(.text)
    TIM1_TRG_COM_TIM11_IRQHandler            0x08000343   Thumb Code     0  startup_stm32f407xx.o(.text)
    TIM1_UP_TIM10_IRQHandler                 0x08000343   Thumb Code     0  startup_stm32f407xx.o(.text)
    TIM2_IRQHandler                          0x08000343   Thumb Code     0  startup_stm32f407xx.o(.text)
    TIM3_IRQHandler                          0x08000343   Thumb Code     0  startup_stm32f407xx.o(.text)
    TIM4_IRQHandler                          0x08000343   Thumb Code     0  startup_stm32f407xx.o(.text)
    TIM6_DAC_IRQHandler                      0x08000343   Thumb Code     0  startup_stm32f407xx.o(.text)
    TIM7_IRQHandler                          0x08000343   Thumb Code     0  startup_stm32f407xx.o(.text)
    TIM8_BRK_TIM12_IRQHandler                0x08000343   Thumb Code     0  startup_stm32f407xx.o(.text)
    TIM8_CC_IRQHandler                       0x08000343   Thumb Code     0  startup_stm32f407xx.o(.text)
    TIM8_TRG_COM_TIM14_IRQHandler            0x08000343   Thumb Code     0  startup_stm32f407xx.o(.text)
    TIM8_UP_TIM13_IRQHandler                 0x08000343   Thumb Code     0  startup_stm32f407xx.o(.text)
    UART4_IRQHandler                         0x08000343   Thumb Code     0  startup_stm32f407xx.o(.text)
    UART5_IRQHandler                         0x08000343   Thumb Code     0  startup_stm32f407xx.o(.text)
    USART2_IRQHandler                        0x08000343   Thumb Code     0  startup_stm32f407xx.o(.text)
    USART3_IRQHandler                        0x08000343   Thumb Code     0  startup_stm32f407xx.o(.text)
    USART6_IRQHandler                        0x08000343   Thumb Code     0  startup_stm32f407xx.o(.text)
    WWDG_IRQHandler                          0x08000343   Thumb Code     0  startup_stm32f407xx.o(.text)
    __user_initial_stackheap                 0x08000345   Thumb Code     0  startup_stm32f407xx.o(.text)
    __use_no_semihosting                     0x08000369   Thumb Code     2  use_no_semi_2.o(.text)
    __aeabi_uldivmod                         0x0800036b   Thumb Code     0  lludivv7m.o(.text)
    _ll_udiv                                 0x0800036b   Thumb Code   238  lludivv7m.o(.text)
    __aeabi_ldivmod                          0x08000459   Thumb Code     0  llsdiv.o(.text)
    _ll_sdiv                                 0x08000459   Thumb Code    72  llsdiv.o(.text)
    memcmp                                   0x080004a1   Thumb Code    88  memcmp.o(.text)
    strncmp                                  0x080004f9   Thumb Code   150  strncmp.o(.text)
    __aeabi_memcpy                           0x0800058f   Thumb Code     0  rt_memcpy_v6.o(.text)
    __rt_memcpy                              0x0800058f   Thumb Code   138  rt_memcpy_v6.o(.text)
    _memcpy_lastbytes                        0x080005f5   Thumb Code     0  rt_memcpy_v6.o(.text)
    __aeabi_memcpy4                          0x08000619   Thumb Code     0  rt_memcpy_w.o(.text)
    __aeabi_memcpy8                          0x08000619   Thumb Code     0  rt_memcpy_w.o(.text)
    __rt_memcpy_w                            0x08000619   Thumb Code   100  rt_memcpy_w.o(.text)
    _memcpy_lastbytes_aligned                0x08000661   Thumb Code     0  rt_memcpy_w.o(.text)
    __aeabi_memset                           0x0800067d   Thumb Code    16  aeabi_memset.o(.text)
    __aeabi_memclr                           0x0800068d   Thumb Code     0  rt_memclr.o(.text)
    __rt_memclr                              0x0800068d   Thumb Code    68  rt_memclr.o(.text)
    _memset                                  0x08000691   Thumb Code     0  rt_memclr.o(.text)
    __aeabi_memclr4                          0x080006d1   Thumb Code     0  rt_memclr_w.o(.text)
    __aeabi_memclr8                          0x080006d1   Thumb Code     0  rt_memclr_w.o(.text)
    __rt_memclr_w                            0x080006d1   Thumb Code    78  rt_memclr_w.o(.text)
    _memset_w                                0x080006d5   Thumb Code     0  rt_memclr_w.o(.text)
    __use_two_region_memory                  0x0800071f   Thumb Code     2  heapauxi.o(.text)
    __rt_heap_escrow$2region                 0x08000721   Thumb Code     2  heapauxi.o(.text)
    __rt_heap_expand$2region                 0x08000723   Thumb Code     2  heapauxi.o(.text)
    __I$use$semihosting                      0x08000725   Thumb Code     0  use_no_semi.o(.text)
    __use_no_semihosting_swi                 0x08000725   Thumb Code     2  use_no_semi.o(.text)
    __read_errno                             0x08000727   Thumb Code    10  _rserrno.o(.text)
    __set_errno                              0x08000731   Thumb Code    12  _rserrno.o(.text)
    __aeabi_errno_addr                       0x0800073d   Thumb Code     8  rt_errno_addr_intlibspace.o(.text)
    __errno$intlibspace                      0x0800073d   Thumb Code     0  rt_errno_addr_intlibspace.o(.text)
    __rt_errno_addr$intlibspace              0x0800073d   Thumb Code     0  rt_errno_addr_intlibspace.o(.text)
    __user_libspace                          0x08000745   Thumb Code     8  libspace.o(.text)
    __user_perproc_libspace                  0x08000745   Thumb Code     0  libspace.o(.text)
    __user_perthread_libspace                0x08000745   Thumb Code     0  libspace.o(.text)
    __user_setup_stackheap                   0x0800074d   Thumb Code    74  sys_stackheap_outer.o(.text)
    exit                                     0x08000797   Thumb Code    18  exit.o(.text)
    BusFault_Handler                         0x080007a9   Thumb Code     2  stm32f4xx_it.o(i.BusFault_Handler)
    DMA2_Stream7_IRQHandler                  0x080007ad   Thumb Code     6  stm32f4xx_it.o(i.DMA2_Stream7_IRQHandler)
    DebugMon_Handler                         0x0800085d   Thumb Code     2  stm32f4xx_it.o(i.DebugMon_Handler)
    Error_Handler                            0x0800085f   Thumb Code     4  main.o(i.Error_Handler)
    HAL_DMA_Abort                            0x08000863   Thumb Code   146  stm32f4xx_hal_dma.o(i.HAL_DMA_Abort)
    HAL_DMA_Abort_IT                         0x080008f5   Thumb Code    36  stm32f4xx_hal_dma.o(i.HAL_DMA_Abort_IT)
    HAL_DMA_IRQHandler                       0x08000919   Thumb Code   412  stm32f4xx_hal_dma.o(i.HAL_DMA_IRQHandler)
    HAL_DMA_Init                             0x08000ab9   Thumb Code   206  stm32f4xx_hal_dma.o(i.HAL_DMA_Init)
    HAL_DMA_Start_IT                         0x08000b8d   Thumb Code   110  stm32f4xx_hal_dma.o(i.HAL_DMA_Start_IT)
    HAL_Delay                                0x08000bfd   Thumb Code    32  stm32f4xx_hal.o(i.HAL_Delay)
    HAL_GPIO_Init                            0x08000c21   Thumb Code   418  stm32f4xx_hal_gpio.o(i.HAL_GPIO_Init)
    HAL_GPIO_WritePin                        0x08000df1   Thumb Code    10  stm32f4xx_hal_gpio.o(i.HAL_GPIO_WritePin)
    HAL_GetTick                              0x08000dfd   Thumb Code     6  stm32f4xx_hal.o(i.HAL_GetTick)
    HAL_IncTick                              0x08000e09   Thumb Code    12  stm32f4xx_hal.o(i.HAL_IncTick)
    HAL_Init                                 0x08000e19   Thumb Code    48  stm32f4xx_hal.o(i.HAL_Init)
    HAL_InitTick                             0x08000e4d   Thumb Code   132  stm32f4xx_hal_timebase_tim.o(i.HAL_InitTick)
    HAL_MspInit                              0x08000ee5   Thumb Code    52  stm32f4xx_hal_msp.o(i.HAL_MspInit)
    HAL_NVIC_EnableIRQ                       0x08000f1d   Thumb Code    26  stm32f4xx_hal_cortex.o(i.HAL_NVIC_EnableIRQ)
    HAL_NVIC_SetPriority                     0x08000f39   Thumb Code    60  stm32f4xx_hal_cortex.o(i.HAL_NVIC_SetPriority)
    HAL_NVIC_SetPriorityGrouping             0x08000f79   Thumb Code    26  stm32f4xx_hal_cortex.o(i.HAL_NVIC_SetPriorityGrouping)
    HAL_RCC_ClockConfig                      0x08000f9d   Thumb Code   288  stm32f4xx_hal_rcc.o(i.HAL_RCC_ClockConfig)
    HAL_RCC_GetClockConfig                   0x080010d1   Thumb Code    54  stm32f4xx_hal_rcc.o(i.HAL_RCC_GetClockConfig)
    HAL_RCC_GetPCLK1Freq                     0x08001111   Thumb Code    20  stm32f4xx_hal_rcc.o(i.HAL_RCC_GetPCLK1Freq)
    HAL_RCC_GetPCLK2Freq                     0x08001131   Thumb Code    20  stm32f4xx_hal_rcc.o(i.HAL_RCC_GetPCLK2Freq)
    HAL_RCC_GetSysClockFreq                  0x08001151   Thumb Code    88  stm32f4xx_hal_rcc.o(i.HAL_RCC_GetSysClockFreq)
    HAL_RCC_OscConfig                        0x080011b1   Thumb Code   836  stm32f4xx_hal_rcc.o(i.HAL_RCC_OscConfig)
    HAL_SPI_Init                             0x08001509   Thumb Code   188  stm32f4xx_hal_spi.o(i.HAL_SPI_Init)
    HAL_SPI_MspInit                          0x080015c5   Thumb Code   128  stm32f4xx_hal_msp.o(i.HAL_SPI_MspInit)
    HAL_SPI_Receive                          0x08001655   Thumb Code   342  stm32f4xx_hal_spi.o(i.HAL_SPI_Receive)
    HAL_SPI_Transmit                         0x080017ab   Thumb Code   358  stm32f4xx_hal_spi.o(i.HAL_SPI_Transmit)
    HAL_SPI_TransmitReceive                  0x08001911   Thumb Code   486  stm32f4xx_hal_spi.o(i.HAL_SPI_TransmitReceive)
    HAL_TIMEx_BreakCallback                  0x08001af7   Thumb Code     2  stm32f4xx_hal_tim_ex.o(i.HAL_TIMEx_BreakCallback)
    HAL_TIMEx_CommutCallback                 0x08001af9   Thumb Code     2  stm32f4xx_hal_tim_ex.o(i.HAL_TIMEx_CommutCallback)
    HAL_TIMEx_ConfigBreakDeadTime            0x08001afb   Thumb Code    84  stm32f4xx_hal_tim_ex.o(i.HAL_TIMEx_ConfigBreakDeadTime)
    HAL_TIMEx_MasterConfigSynchronization    0x08001b51   Thumb Code   116  stm32f4xx_hal_tim_ex.o(i.HAL_TIMEx_MasterConfigSynchronization)
    HAL_TIM_Base_Init                        0x08001be1   Thumb Code    90  stm32f4xx_hal_tim.o(i.HAL_TIM_Base_Init)
    HAL_TIM_Base_MspInit                     0x08001c3b   Thumb Code     2  stm32f4xx_hal_tim.o(i.HAL_TIM_Base_MspInit)
    HAL_TIM_Base_Start_IT                    0x08001c3d   Thumb Code   100  stm32f4xx_hal_tim.o(i.HAL_TIM_Base_Start_IT)
    HAL_TIM_IC_CaptureCallback               0x08001cbd   Thumb Code     2  stm32f4xx_hal_tim.o(i.HAL_TIM_IC_CaptureCallback)
    HAL_TIM_IRQHandler                       0x08001cbf   Thumb Code   304  stm32f4xx_hal_tim.o(i.HAL_TIM_IRQHandler)
    HAL_TIM_MspPostInit                      0x08001df1   Thumb Code   112  stm32f4xx_hal_msp.o(i.HAL_TIM_MspPostInit)
    HAL_TIM_OC_DelayElapsedCallback          0x08001e75   Thumb Code     2  stm32f4xx_hal_tim.o(i.HAL_TIM_OC_DelayElapsedCallback)
    HAL_TIM_PWM_ConfigChannel                0x08001e77   Thumb Code   204  stm32f4xx_hal_tim.o(i.HAL_TIM_PWM_ConfigChannel)
    HAL_TIM_PWM_Init                         0x08001f43   Thumb Code    90  stm32f4xx_hal_tim.o(i.HAL_TIM_PWM_Init)
    HAL_TIM_PWM_MspInit                      0x08001f9d   Thumb Code    56  stm32f4xx_hal_msp.o(i.HAL_TIM_PWM_MspInit)
    HAL_TIM_PWM_PulseFinishedCallback        0x08001fe1   Thumb Code     2  stm32f4xx_hal_tim.o(i.HAL_TIM_PWM_PulseFinishedCallback)
    HAL_TIM_PWM_Start                        0x08001fe5   Thumb Code   178  stm32f4xx_hal_tim.o(i.HAL_TIM_PWM_Start)
    HAL_TIM_PeriodElapsedCallback            0x080020b5   Thumb Code    14  main.o(i.HAL_TIM_PeriodElapsedCallback)
    HAL_TIM_TriggerCallback                  0x080020c9   Thumb Code     2  stm32f4xx_hal_tim.o(i.HAL_TIM_TriggerCallback)
    HAL_UARTEx_RxEventCallback               0x080020cb   Thumb Code     2  stm32f4xx_hal_uart.o(i.HAL_UARTEx_RxEventCallback)
    HAL_UART_ErrorCallback                   0x080020cd   Thumb Code     2  stm32f4xx_hal_uart.o(i.HAL_UART_ErrorCallback)
    HAL_UART_IRQHandler                      0x080020d1   Thumb Code   636  stm32f4xx_hal_uart.o(i.HAL_UART_IRQHandler)
    HAL_UART_Init                            0x08002351   Thumb Code   100  stm32f4xx_hal_uart.o(i.HAL_UART_Init)
    HAL_UART_MspInit                         0x080023b5   Thumb Code   224  stm32f4xx_hal_msp.o(i.HAL_UART_MspInit)
    HAL_UART_Receive_IT                      0x080024ad   Thumb Code    28  stm32f4xx_hal_uart.o(i.HAL_UART_Receive_IT)
    HAL_UART_RxCpltCallback                  0x080024c9   Thumb Code   172  jetson_link.o(i.HAL_UART_RxCpltCallback)
    HAL_UART_Transmit_DMA                    0x08002585   Thumb Code   122  stm32f4xx_hal_uart.o(i.HAL_UART_Transmit_DMA)
    HAL_UART_TxCpltCallback                  0x0800260d   Thumb Code    48  jetson_link.o(i.HAL_UART_TxCpltCallback)
    HAL_UART_TxHalfCpltCallback              0x08002649   Thumb Code     2  stm32f4xx_hal_uart.o(i.HAL_UART_TxHalfCpltCallback)
    HardFault_Handler                        0x0800264b   Thumb Code     2  stm32f4xx_it.o(i.HardFault_Handler)
    MemManage_Handler                        0x08002889   Thumb Code     2  stm32f4xx_it.o(i.MemManage_Handler)
    NMI_Handler                              0x0800288b   Thumb Code     2  stm32f4xx_it.o(i.NMI_Handler)
    StartDefaultTask                         0x08002a11   Thumb Code    84  main.o(i.StartDefaultTask)
    SysTick_Handler                          0x08002a95   Thumb Code    26  cmsis_os2.o(i.SysTick_Handler)
    SystemClock_Config                       0x08002ab1   Thumb Code   138  main.o(i.SystemClock_Config)
    SystemInit                               0x08002b45   Thumb Code    12  system_stm32f4xx.o(i.SystemInit)
    TIM5_IRQHandler                          0x08002b55   Thumb Code     6  stm32f4xx_it.o(i.TIM5_IRQHandler)
    TIM_Base_SetConfig                       0x08002b61   Thumb Code   164  stm32f4xx_hal_tim.o(i.TIM_Base_SetConfig)
    TIM_CCxChannelCmd                        0x08002c31   Thumb Code    26  stm32f4xx_hal_tim.o(i.TIM_CCxChannelCmd)
    TIM_OC2_SetConfig                        0x08002cad   Thumb Code    98  stm32f4xx_hal_tim.o(i.TIM_OC2_SetConfig)
    UART_Start_Receive_IT                    0x080030ad   Thumb Code    54  stm32f4xx_hal_uart.o(i.UART_Start_Receive_IT)
    USART1_IRQHandler                        0x080030e5   Thumb Code     6  stm32f4xx_it.o(i.USART1_IRQHandler)
    UsageFault_Handler                       0x080030f1   Thumb Code     2  stm32f4xx_it.o(i.UsageFault_Handler)
    __ARM_fpclassifyf                        0x080030f3   Thumb Code    38  fpclassifyf.o(i.__ARM_fpclassifyf)
    __hardfp_asinf                           0x08003139   Thumb Code   258  asinf.o(i.__hardfp_asinf)
    __hardfp_atan2f                          0x08003265   Thumb Code   594  atan2f.o(i.__hardfp_atan2f)
    __hardfp_cosf                            0x08003511   Thumb Code   280  cosf.o(i.__hardfp_cosf)
    __hardfp_sqrtf                           0x08003661   Thumb Code    58  sqrtf.o(i.__hardfp_sqrtf)
    __hardfp_tanf                            0x0800369d   Thumb Code   322  tanf.o(i.__hardfp_tanf)
    __mathlib_flt_infnan                     0x08003819   Thumb Code     6  funder.o(i.__mathlib_flt_infnan)
    __mathlib_flt_infnan2                    0x0800381f   Thumb Code     6  funder.o(i.__mathlib_flt_infnan2)
    __mathlib_flt_invalid                    0x08003825   Thumb Code    10  funder.o(i.__mathlib_flt_invalid)
    __mathlib_flt_underflow                  0x08003835   Thumb Code    10  funder.o(i.__mathlib_flt_underflow)
    __mathlib_rredf2                         0x08003845   Thumb Code   316  rredf.o(i.__mathlib_rredf2)
    _sys_exit                                0x08003bed   Thumb Code     2  main.o(i._sys_exit)
    angleControlInit                         0x08003bf1   Thumb Code   210  attitude_pid.o(i.angleControlInit)
    getAngleRateData                         0x08003d49   Thumb Code    28  stabilizer.o(i.getAngleRateData)
    getAttitudeData                          0x08003d69   Thumb Code    28  stabilizer.o(i.getAttitudeData)
    getSetpoint                              0x08003d89   Thumb Code    62  jetson_link.o(i.getSetpoint)
    icm42688_init                            0x08003dd1   Thumb Code    94  icm-42688.o(i.icm42688_init)
    icm42688_read_all                        0x08003e2f   Thumb Code    94  icm-42688.o(i.icm42688_read_all)
    imuComputeRotationMatrix                 0x08003e8d   Thumb Code   182  sensfusion6.o(i.imuComputeRotationMatrix)
    imuUpdate                                0x08003f4d   Thumb Code   472  sensfusion6.o(i.imuUpdate)
    invSqrt                                  0x08004139   Thumb Code    40  sensfusion6.o(i.invSqrt)
    jetsonLinkTask                           0x08004165   Thumb Code   664  jetson_link.o(i.jetsonLinkTask)
    lpf2pApply                               0x08004425   Thumb Code    80  filter.o(i.lpf2pApply)
    lpf2pInit                                0x08004475   Thumb Code    20  filter.o(i.lpf2pInit)
    lpf2pSetCutoffFreq                       0x08004489   Thumb Code   154  filter.o(i.lpf2pSetCutoffFreq)
    main                                     0x08004531   Thumb Code   158  main.o(i.main)
    osKernelInitialize                       0x08004ce9   Thumb Code    32  cmsis_os2.o(i.osKernelInitialize)
    osKernelStart                            0x08004d0d   Thumb Code    48  cmsis_os2.o(i.osKernelStart)
    osThreadNew                              0x08004d45   Thumb Code   136  cmsis_os2.o(i.osThreadNew)
    pidInit                                  0x08004e5d   Thumb Code    50  pid.o(i.pidInit)
    pidSetDesired                            0x08004e99   Thumb Code     6  pid.o(i.pidSetDesired)
    pidSetIntegralLimit                      0x08004e9f   Thumb Code     6  pid.o(i.pidSetIntegralLimit)
    pidSetOutputLimit                        0x08004ea5   Thumb Code     6  pid.o(i.pidSetOutputLimit)
    pidUpdate                                0x08004eab   Thumb Code   172  pid.o(i.pidUpdate)
    powerControl                             0x08004f59   Thumb Code   170  power_control.o(i.powerControl)
    processAccGyroMeasurements               0x08005009   Thumb Code   248  sensor.o(i.processAccGyroMeasurements)
    pvPortMalloc                             0x080059d1   Thumb Code   216  heap_4.o(i.pvPortMalloc)
    pvTaskIncrementMutexHeldCount            0x08005aad   Thumb Code    18  tasks.o(i.pvTaskIncrementMutexHeldCount)
    pxPortInitialiseStack                    0x08005ac5   Thumb Code    40  port.o(i.pxPortInitialiseStack)
    sensorsAcquire                           0x08005af1   Thumb Code     4  sensor.o(i.sensorsAcquire)
    sensorsAreCalibrated                     0x08005af5   Thumb Code     6  sensor.o(i.sensorsAreCalibrated)
    sensorsDeviceInit                        0x08005c81   Thumb Code    14  sensor.o(i.sensorsDeviceInit)
    sensorsInit                              0x08005c9d   Thumb Code   108  sensor.o(i.sensorsInit)
    sensorsReadImu                           0x08005d19   Thumb Code    22  sensor.o(i.sensorsReadImu)
    sensorsTask                              0x08005d35   Thumb Code    42  sensor.o(i.sensorsTask)
    spi_cs_disable                           0x08005d69   Thumb Code    10  spi_driver.o(i.spi_cs_disable)
    spi_cs_enable                            0x08005d79   Thumb Code    10  spi_driver.o(i.spi_cs_enable)
    spi_read_wrapper                         0x08005d89   Thumb Code    74  spi_driver.o(i.spi_read_wrapper)
    spi_write_wrapper                        0x08005dd9   Thumb Code    78  spi_driver.o(i.spi_write_wrapper)
    sqrtf                                    0x08005e2d   Thumb Code    62  sqrtf.o(i.sqrtf)
    stabilizerInit                           0x08005e6b   Thumb Code     4  stabilizer.o(i.stabilizerInit)
    stabilizerTask                           0x08005e71   Thumb Code   124  stabilizer.o(i.stabilizerTask)
    stateControl                             0x08005ef5   Thumb Code   144  state_control.o(i.stateControl)
    systemInit                               0x08005f99   Thumb Code     4  system.o(i.systemInit)
    thrustersInit                            0x08005f9d   Thumb Code    38  thrusters.o(i.thrustersInit)
    thrustersSetRatio                        0x08005fcd   Thumb Code    38  thrusters.o(i.thrustersSetRatio)
    uxListRemove                             0x08005ffd   Thumb Code    38  list.o(i.uxListRemove)
    vApplicationGetIdleTaskMemory            0x08006025   Thumb Code    16  cmsis_os2.o(i.vApplicationGetIdleTaskMemory)
    vApplicationGetTimerTaskMemory           0x08006039   Thumb Code    18  cmsis_os2.o(i.vApplicationGetTimerTaskMemory)
    vListInitialise                          0x08006051   Thumb Code    22  list.o(i.vListInitialise)
    vListInitialiseItem                      0x08006067   Thumb Code     6  list.o(i.vListInitialiseItem)
    vListInsert                              0x0800606d   Thumb Code    48  list.o(i.vListInsert)
    vListInsertEnd                           0x0800609d   Thumb Code    24  list.o(i.vListInsertEnd)
    vPortEnterCritical                       0x080060b5   Thumb Code    54  port.o(i.vPortEnterCritical)
    vPortExitCritical                        0x080060f5   Thumb Code    34  port.o(i.vPortExitCritical)
    vPortFree                                0x0800611d   Thumb Code    94  heap_4.o(i.vPortFree)
    vPortSetupTimerInterrupt                 0x08006181   Thumb Code    32  port.o(i.vPortSetupTimerInterrupt)
    vPortValidateInterruptPriority           0x080061a5   Thumb Code    74  port.o(i.vPortValidateInterruptPriority)
    vQueueAddToRegistry                      0x080061f9   Thumb Code    32  queue.o(i.vQueueAddToRegistry)
    vQueueWaitForMessageRestricted           0x0800621d   Thumb Code    68  queue.o(i.vQueueWaitForMessageRestricted)
    vTaskDelay                               0x08006261   Thumb Code    66  tasks.o(i.vTaskDelay)
    vTaskDelayUntil                          0x080062ad   Thumb Code   136  tasks.o(i.vTaskDelayUntil)
    vTaskDelete                              0x0800633d   Thumb Code   130  tasks.o(i.vTaskDelete)
    vTaskInternalSetTimeOutState             0x080063cd   Thumb Code    12  tasks.o(i.vTaskInternalSetTimeOutState)
    vTaskMissedYield                         0x080063dd   Thumb Code     8  tasks.o(i.vTaskMissedYield)
    vTaskPlaceOnEventList                    0x080063e9   Thumb Code    44  tasks.o(i.vTaskPlaceOnEventList)
    vTaskPlaceOnEventListRestricted          0x08006419   Thumb Code    52  tasks.o(i.vTaskPlaceOnEventListRestricted)
    vTaskPriorityDisinheritAfterTimeout      0x08006451   Thumb Code   136  tasks.o(i.vTaskPriorityDisinheritAfterTimeout)
    vTaskStartScheduler                      0x080064e1   Thumb Code   116  tasks.o(i.vTaskStartScheduler)
    vTaskSuspendAll                          0x08006565   Thumb Code    10  tasks.o(i.vTaskSuspendAll)
    vTaskSwitchContext                       0x08006575   Thumb Code    90  tasks.o(i.vTaskSwitchContext)
    xPortStartScheduler                      0x080065e9   Thumb Code   224  port.o(i.xPortStartScheduler)
    xPortSysTickHandler                      0x080066dd   Thumb Code    38  port.o(i.xPortSysTickHandler)
    xQueueGenericCreate                      0x08006709   Thumb Code    66  queue.o(i.xQueueGenericCreate)
    xQueueGenericCreateStatic                0x0800674b   Thumb Code   102  queue.o(i.xQueueGenericCreateStatic)
    xQueueGenericReset                       0x080067b1   Thumb Code   132  queue.o(i.xQueueGenericReset)
    xQueueGenericSend                        0x08006839   Thumb Code   350  queue.o(i.xQueueGenericSend)
    xQueueGenericSendFromISR                 0x0800699d   Thumb Code   190  queue.o(i.xQueueGenericSendFromISR)
    xQueueGiveFromISR                        0x08006a5b   Thumb Code   156  queue.o(i.xQueueGiveFromISR)
    xQueueReceive                            0x08006af9   Thumb Code   308  queue.o(i.xQueueReceive)
    xQueueSemaphoreTake                      0x08006c31   Thumb Code   372  queue.o(i.xQueueSemaphoreTake)
    xTaskCheckForTimeOut                     0x08006da9   Thumb Code   112  tasks.o(i.xTaskCheckForTimeOut)
    xTaskCreate                              0x08006e1d   Thumb Code    90  tasks.o(i.xTaskCreate)
    xTaskCreateStatic                        0x08006e77   Thumb Code    90  tasks.o(i.xTaskCreateStatic)
    xTaskGetSchedulerState                   0x08006ed1   Thumb Code    22  tasks.o(i.xTaskGetSchedulerState)
    xTaskGetTickCount                        0x08006eed   Thumb Code     6  tasks.o(i.xTaskGetTickCount)
    xTaskIncrementTick                       0x08006ef9   Thumb Code   192  tasks.o(i.xTaskIncrementTick)
    xTaskPriorityDisinherit                  0x08006fc1   Thumb Code   116  tasks.o(i.xTaskPriorityDisinherit)
    xTaskPriorityInherit                     0x0800703d   Thumb Code   114  tasks.o(i.xTaskPriorityInherit)
    xTaskRemoveFromEventList                 0x080070b9   Thumb Code    98  tasks.o(i.xTaskRemoveFromEventList)
    xTaskResumeAll                           0x08007129   Thumb Code   180  tasks.o(i.xTaskResumeAll)
    xTimerCreateTimerTask                    0x080071e9   Thumb Code    78  timers.o(i.xTimerCreateTimerTask)
    xTimerGenericCommand                     0x08007249   Thumb Code    94  timers.o(i.xTimerGenericCommand)
    __aeabi_ul2f                             0x080072ad   Thumb Code     0  ffltll_clz.o(x$fpl$ffltll)
    _ll_uto_f                                0x080072ad   Thumb Code     6  ffltll_clz.o(x$fpl$ffltll)
    __aeabi_l2f                              0x080072b3   Thumb Code     0  ffltll_clz.o(x$fpl$ffltll)
    _ll_sto_f                                0x080072b3   Thumb Code    90  ffltll_clz.o(x$fpl$ffltll)
    _fp_init                                 0x0800730d   Thumb Code    10  fpinit.o(x$fpl$fpinit)
    __fplib_config_fpu_vfp                   0x08007315   Thumb Code     0  fpinit.o(x$fpl$fpinit)
    __fplib_config_pureend_doubles           0x08007315   Thumb Code     0  fpinit.o(x$fpl$fpinit)
    __I$use$fp                               0x08007316   Number         0  usenofp.o(x$fpl$usenofp)
    startTask_attributes                     0x08007318   Data          36  main.o(.constdata)
    AHBPrescTable                            0x08007344   Data          16  system_stm32f4xx.o(.constdata)
    APBPrescTable                            0x08007354   Data           8  system_stm32f4xx.o(.constdata)
    Region$$Table$$Base                      0x080080a0   Number         0  anon$$obj.o(Region$$Table)
    Region$$Table$$Limit                     0x080080c0   Number         0  anon$$obj.o(Region$$Table)
    startTaskHandle                          0x20000000   Data           4  main.o(.data)
    uwTickFreq                               0x20000004   Data           1  stm32f4xx_hal.o(.data)
    uwTickPrio                               0x20000008   Data           4  stm32f4xx_hal.o(.data)
    uwTick                                   0x2000000c   Data           4  stm32f4xx_hal.o(.data)
    SystemCoreClock                          0x20000010   Data           4  system_stm32f4xx.o(.data)
    pxCurrentTCB                             0x20000014   Data           4  tasks.o(.data)
    Kp                                       0x200000b0   Data           4  sensfusion6.o(.data)
    Ki                                       0x200000b4   Data           4  sensfusion6.o(.data)
    exInt                                    0x200000b8   Data           4  sensfusion6.o(.data)
    eyInt                                    0x200000bc   Data           4  sensfusion6.o(.data)
    ezInt                                    0x200000c0   Data           4  sensfusion6.o(.data)
    configParam                              0x200000d4   Data         148  config_param.o(.data)
    mavlink_system                           0x2000016a   Data           2  jetson_link.o(.data)
    mavlink_tx_len                           0x2000016e   Data           2  jetson_link.o(.data)
    mavlink_tx_done                          0x20000174   Data           4  jetson_link.o(.data)
    hspi1                                    0x2000017c   Data          88  main.o(.bss)
    htim1                                    0x200001d4   Data          72  main.o(.bss)
    htim4                                    0x2000021c   Data          72  main.o(.bss)
    huart1                                   0x20000264   Data          72  main.o(.bss)
    huart2                                   0x200002ac   Data          72  main.o(.bss)
    hdma_usart1_tx                           0x200002f4   Data          96  main.o(.bss)
    htim5                                    0x20000354   Data          72  stm32f4xx_hal_timebase_tim.o(.bss)
    xQueueRegistry                           0x2000039c   Data          64  queue.o(.bss)
    gyroBiasRunning                          0x20004d4c   Data        6164  sensor.o(.bss)
    rMat                                     0x20006560   Data          36  sensfusion6.o(.bss)
    pidRatePitch                             0x2000664c   Data          60  attitude_pid.o(.bss)
    pidRateYaw                               0x20006688   Data          60  attitude_pid.o(.bss)
    pidPitch                                 0x200066c4   Data          60  attitude_pid.o(.bss)
    pidYaw                                   0x20006700   Data          60  attitude_pid.o(.bss)
    mavlink_tx_buf                           0x20006d64   Data         280  jetson_link.o(.bss)
    __libspace_start                         0x20006e9c   Data          96  libspace.o(.bss)
    __temporary_stack_top$libspace           0x20006efc   Data           0  libspace.o(.bss)



==============================================================================

Memory Map of the image

  Image Entry point : 0x08000189

  Load Region LR_IROM1 (Base: 0x08000000, Size: 0x0000823c, Max: 0x00100000, ABSOLUTE, COMPRESSED[0x000080f8])

    Execution Region ER_IROM1 (Exec base: 0x08000000, Load base: 0x08000000, Size: 0x000080c0, Max: 0x00100000, ABSOLUTE)

    Exec Addr    Load Addr    Size         Type   Attr      Idx    E Section Name        Object

    0x08000000   0x08000000   0x00000188   Data   RO            3    RESET               startup_stm32f407xx.o
    0x08000188   0x08000188   0x00000008   Code   RO         6958  * !!!main             c_w.l(__main.o)
    0x08000190   0x08000190   0x00000034   Code   RO         7246    !!!scatter          c_w.l(__scatter.o)
    0x080001c4   0x080001c4   0x0000005a   Code   RO         7244    !!dczerorl2         c_w.l(__dczerorl2.o)
    0x0800021e   0x0800021e   0x00000002   PAD
    0x08000220   0x08000220   0x0000001c   Code   RO         7248    !!handler_zi        c_w.l(__scatter_zi.o)
    0x0800023c   0x0800023c   0x00000002   Code   RO         7119    .ARM.Collect$$libinit$$00000000  c_w.l(libinit.o)
    0x0800023e   0x0800023e   0x00000004   Code   RO         7128    .ARM.Collect$$libinit$$00000001  c_w.l(libinit2.o)
    0x08000242   0x08000242   0x00000000   Code   RO         7131    .ARM.Collect$$libinit$$00000004  c_w.l(libinit2.o)
    0x08000242   0x08000242   0x00000000   Code   RO         7134    .ARM.Collect$$libinit$$0000000A  c_w.l(libinit2.o)
    0x08000242   0x08000242   0x00000000   Code   RO         7136    .ARM.Collect$$libinit$$0000000C  c_w.l(libinit2.o)
    0x08000242   0x08000242   0x00000000   Code   RO         7138    .ARM.Collect$$libinit$$0000000E  c_w.l(libinit2.o)
    0x08000242   0x08000242   0x00000000   Code   RO         7141    .ARM.Collect$$libinit$$00000011  c_w.l(libinit2.o)
    0x08000242   0x08000242   0x00000000   Code   RO         7143    .ARM.Collect$$libinit$$00000013  c_w.l(libinit2.o)
    0x08000242   0x08000242   0x00000000   Code   RO         7145    .ARM.Collect$$libinit$$00000015  c_w.l(libinit2.o)
    0x08000242   0x08000242   0x00000000   Code   RO         7147    .ARM.Collect$$libinit$$00000017  c_w.l(libinit2.o)
    0x08000242   0x08000242   0x00000000   Code   RO         7149    .ARM.Collect$$libinit$$00000019  c_w.l(libinit2.o)
    0x08000242   0x08000242   0x00000000   Code   RO         7151    .ARM.Collect$$libinit$$0000001B  c_w.l(libinit2.o)
    0x08000242   0x08000242   0x00000000   Code   RO         7153    .ARM.Collect$$libinit$$0000001D  c_w.l(libinit2.o)
    0x08000242   0x08000242   0x00000000   Code   RO         7155    .ARM.Collect$$libinit$$0000001F  c_w.l(libinit2.o)
    0x08000242   0x08000242   0x00000000   Code   RO         7157    .ARM.Collect$$libinit$$00000021  c_w.l(libinit2.o)
    0x08000242   0x08000242   0x00000000   Code   RO         7159    .ARM.Collect$$libinit$$00000023  c_w.l(libinit2.o)
    0x08000242   0x08000242   0x00000000   Code   RO         7161    .ARM.Collect$$libinit$$00000025  c_w.l(libinit2.o)
    0x08000242   0x08000242   0x00000000   Code   RO         7165    .ARM.Collect$$libinit$$0000002C  c_w.l(libinit2.o)
    0x08000242   0x08000242   0x00000000   Code   RO         7167    .ARM.Collect$$libinit$$0000002E  c_w.l(libinit2.o)
    0x08000242   0x08000242   0x00000000   Code   RO         7169    .ARM.Collect$$libinit$$00000030  c_w.l(libinit2.o)
    0x08000242   0x08000242   0x00000000   Code   RO         7171    .ARM.Collect$$libinit$$00000032  c_w.l(libinit2.o)
    0x08000242   0x08000242   0x00000002   Code   RO         7172    .ARM.Collect$$libinit$$00000033  c_w.l(libinit2.o)
    0x08000244   0x08000244   0x00000002   Code   RO         7198    .ARM.Collect$$libshutdown$$00000000  c_w.l(libshutdown.o)
    0x08000246   0x08000246   0x00000000   Code   RO         7225    .ARM.Collect$$libshutdown$$00000002  c_w.l(libshutdown2.o)
    0x08000246   0x08000246   0x00000000   Code   RO         7227    .ARM.Collect$$libshutdown$$00000004  c_w.l(libshutdown2.o)
    0x08000246   0x08000246   0x00000000   Code   RO         7229    .ARM.Collect$$libshutdown$$00000006  c_w.l(libshutdown2.o)
    0x08000246   0x08000246   0x00000000   Code   RO         7232    .ARM.Collect$$libshutdown$$00000009  c_w.l(libshutdown2.o)
    0x08000246   0x08000246   0x00000000   Code   RO         7235    .ARM.Collect$$libshutdown$$0000000C  c_w.l(libshutdown2.o)
    0x08000246   0x08000246   0x00000000   Code   RO         7237    .ARM.Collect$$libshutdown$$0000000E  c_w.l(libshutdown2.o)
    0x08000246   0x08000246   0x00000000   Code   RO         7240    .ARM.Collect$$libshutdown$$00000011  c_w.l(libshutdown2.o)
    0x08000246   0x08000246   0x00000002   Code   RO         7241    .ARM.Collect$$libshutdown$$00000012  c_w.l(libshutdown2.o)
    0x08000248   0x08000248   0x00000000   Code   RO         7052    .ARM.Collect$$rtentry$$00000000  c_w.l(__rtentry.o)
    0x08000248   0x08000248   0x00000000   Code   RO         7082    .ARM.Collect$$rtentry$$00000002  c_w.l(__rtentry2.o)
    0x08000248   0x08000248   0x00000006   Code   RO         7094    .ARM.Collect$$rtentry$$00000004  c_w.l(__rtentry4.o)
    0x0800024e   0x0800024e   0x00000000   Code   RO         7084    .ARM.Collect$$rtentry$$00000009  c_w.l(__rtentry2.o)
    0x0800024e   0x0800024e   0x00000004   Code   RO         7085    .ARM.Collect$$rtentry$$0000000A  c_w.l(__rtentry2.o)
    0x08000252   0x08000252   0x00000000   Code   RO         7087    .ARM.Collect$$rtentry$$0000000C  c_w.l(__rtentry2.o)
    0x08000252   0x08000252   0x00000008   Code   RO         7088    .ARM.Collect$$rtentry$$0000000D  c_w.l(__rtentry2.o)
    0x0800025a   0x0800025a   0x00000002   Code   RO         7120    .ARM.Collect$$rtexit$$00000000  c_w.l(rtexit.o)
    0x0800025c   0x0800025c   0x00000000   Code   RO         7174    .ARM.Collect$$rtexit$$00000002  c_w.l(rtexit2.o)
    0x0800025c   0x0800025c   0x00000004   Code   RO         7175    .ARM.Collect$$rtexit$$00000003  c_w.l(rtexit2.o)
    0x08000260   0x08000260   0x00000006   Code   RO         7176    .ARM.Collect$$rtexit$$00000004  c_w.l(rtexit2.o)
    0x08000266   0x08000266   0x00000002   PAD
    0x08000268   0x08000268   0x000000be   Code   RO         5735    .emb_text           port.o
    0x08000326   0x08000326   0x00000002   PAD
    0x08000328   0x08000328   0x00000040   Code   RO            4    .text               startup_stm32f407xx.o
    0x08000368   0x08000368   0x00000002   Code   RO         6932    .text               c_w.l(use_no_semi_2.o)
    0x0800036a   0x0800036a   0x000000ee   Code   RO         6934    .text               c_w.l(lludivv7m.o)
    0x08000458   0x08000458   0x00000048   Code   RO         6936    .text               c_w.l(llsdiv.o)
    0x080004a0   0x080004a0   0x00000058   Code   RO         6938    .text               c_w.l(memcmp.o)
    0x080004f8   0x080004f8   0x00000096   Code   RO         6940    .text               c_w.l(strncmp.o)
    0x0800058e   0x0800058e   0x0000008a   Code   RO         6942    .text               c_w.l(rt_memcpy_v6.o)
    0x08000618   0x08000618   0x00000064   Code   RO         6944    .text               c_w.l(rt_memcpy_w.o)
    0x0800067c   0x0800067c   0x00000010   Code   RO         6950    .text               c_w.l(aeabi_memset.o)
    0x0800068c   0x0800068c   0x00000044   Code   RO         6952    .text               c_w.l(rt_memclr.o)
    0x080006d0   0x080006d0   0x0000004e   Code   RO         6954    .text               c_w.l(rt_memclr_w.o)
    0x0800071e   0x0800071e   0x00000006   Code   RO         6956    .text               c_w.l(heapauxi.o)
    0x08000724   0x08000724   0x00000002   Code   RO         7050    .text               c_w.l(use_no_semi.o)
    0x08000726   0x08000726   0x00000016   Code   RO         7057    .text               c_w.l(_rserrno.o)
    0x0800073c   0x0800073c   0x00000008   Code   RO         7101    .text               c_w.l(rt_errno_addr_intlibspace.o)
    0x08000744   0x08000744   0x00000008   Code   RO         7103    .text               c_w.l(libspace.o)
    0x0800074c   0x0800074c   0x0000004a   Code   RO         7106    .text               c_w.l(sys_stackheap_outer.o)
    0x08000796   0x08000796   0x00000012   Code   RO         7108    .text               c_w.l(exit.o)
    0x080007a8   0x080007a8   0x00000002   Code   RO         1035    i.BusFault_Handler  stm32f4xx_it.o
    0x080007aa   0x080007aa   0x00000002   PAD
    0x080007ac   0x080007ac   0x0000000c   Code   RO         1036    i.DMA2_Stream7_IRQHandler  stm32f4xx_it.o
    0x080007b8   0x080007b8   0x00000028   Code   RO         2649    i.DMA_CalcBaseAndBitshift  stm32f4xx_hal_dma.o
    0x080007e0   0x080007e0   0x00000054   Code   RO         2650    i.DMA_CheckFifoParam  stm32f4xx_hal_dma.o
    0x08000834   0x08000834   0x00000028   Code   RO         2651    i.DMA_SetConfig     stm32f4xx_hal_dma.o
    0x0800085c   0x0800085c   0x00000002   Code   RO         1037    i.DebugMon_Handler  stm32f4xx_it.o
    0x0800085e   0x0800085e   0x00000004   Code   RO           13    i.Error_Handler     main.o
    0x08000862   0x08000862   0x00000092   Code   RO         2652    i.HAL_DMA_Abort     stm32f4xx_hal_dma.o
    0x080008f4   0x080008f4   0x00000024   Code   RO         2653    i.HAL_DMA_Abort_IT  stm32f4xx_hal_dma.o
    0x08000918   0x08000918   0x000001a0   Code   RO         2657    i.HAL_DMA_IRQHandler  stm32f4xx_hal_dma.o
    0x08000ab8   0x08000ab8   0x000000d4   Code   RO         2658    i.HAL_DMA_Init      stm32f4xx_hal_dma.o
    0x08000b8c   0x08000b8c   0x0000006e   Code   RO         2662    i.HAL_DMA_Start_IT  stm32f4xx_hal_dma.o
    0x08000bfa   0x08000bfa   0x00000002   PAD
    0x08000bfc   0x08000bfc   0x00000024   Code   RO         3089    i.HAL_Delay         stm32f4xx_hal.o
    0x08000c20   0x08000c20   0x000001d0   Code   RO         2545    i.HAL_GPIO_Init     stm32f4xx_hal_gpio.o
    0x08000df0   0x08000df0   0x0000000a   Code   RO         2549    i.HAL_GPIO_WritePin  stm32f4xx_hal_gpio.o
    0x08000dfa   0x08000dfa   0x00000002   PAD
    0x08000dfc   0x08000dfc   0x0000000c   Code   RO         3095    i.HAL_GetTick       stm32f4xx_hal.o
    0x08000e08   0x08000e08   0x00000010   Code   RO         3101    i.HAL_IncTick       stm32f4xx_hal.o
    0x08000e18   0x08000e18   0x00000034   Code   RO         3102    i.HAL_Init          stm32f4xx_hal.o
    0x08000e4c   0x08000e4c   0x00000098   Code   RO         1178    i.HAL_InitTick      stm32f4xx_hal_timebase_tim.o
    0x08000ee4   0x08000ee4   0x00000038   Code   RO         1111    i.HAL_MspInit       stm32f4xx_hal_msp.o
    0x08000f1c   0x08000f1c   0x0000001a   Code   RO         2937    i.HAL_NVIC_EnableIRQ  stm32f4xx_hal_cortex.o
    0x08000f36   0x08000f36   0x00000002   PAD
    0x08000f38   0x08000f38   0x00000040   Code   RO         2943    i.HAL_NVIC_SetPriority  stm32f4xx_hal_cortex.o
    0x08000f78   0x08000f78   0x00000024   Code   RO         2944    i.HAL_NVIC_SetPriorityGrouping  stm32f4xx_hal_cortex.o
    0x08000f9c   0x08000f9c   0x00000134   Code   RO         2191    i.HAL_RCC_ClockConfig  stm32f4xx_hal_rcc.o
    0x080010d0   0x080010d0   0x00000040   Code   RO         2195    i.HAL_RCC_GetClockConfig  stm32f4xx_hal_rcc.o
    0x08001110   0x08001110   0x00000020   Code   RO         2198    i.HAL_RCC_GetPCLK1Freq  stm32f4xx_hal_rcc.o
    0x08001130   0x08001130   0x00000020   Code   RO         2199    i.HAL_RCC_GetPCLK2Freq  stm32f4xx_hal_rcc.o
    0x08001150   0x08001150   0x00000060   Code   RO         2200    i.HAL_RCC_GetSysClockFreq  stm32f4xx_hal_rcc.o
    0x080011b0   0x080011b0   0x00000358   Code   RO         2203    i.HAL_RCC_OscConfig  stm32f4xx_hal_rcc.o
    0x08001508   0x08001508   0x000000bc   Code   RO         3351    i.HAL_SPI_Init      stm32f4xx_hal_spi.o
    0x080015c4   0x080015c4   0x00000090   Code   RO         1113    i.HAL_SPI_MspInit   stm32f4xx_hal_msp.o
    0x08001654   0x08001654   0x00000156   Code   RO         3354    i.HAL_SPI_Receive   stm32f4xx_hal_spi.o
    0x080017aa   0x080017aa   0x00000166   Code   RO         3359    i.HAL_SPI_Transmit  stm32f4xx_hal_spi.o
    0x08001910   0x08001910   0x000001e6   Code   RO         3360    i.HAL_SPI_TransmitReceive  stm32f4xx_hal_spi.o
    0x08001af6   0x08001af6   0x00000002   Code   RO         1923    i.HAL_TIMEx_BreakCallback  stm32f4xx_hal_tim_ex.o
    0x08001af8   0x08001af8   0x00000002   Code   RO         1924    i.HAL_TIMEx_CommutCallback  stm32f4xx_hal_tim_ex.o
    0x08001afa   0x08001afa   0x00000054   Code   RO         1926    i.HAL_TIMEx_ConfigBreakDeadTime  stm32f4xx_hal_tim_ex.o
    0x08001b4e   0x08001b4e   0x00000002   PAD
    0x08001b50   0x08001b50   0x00000090   Code   RO         1942    i.HAL_TIMEx_MasterConfigSynchronization  stm32f4xx_hal_tim_ex.o
    0x08001be0   0x08001be0   0x0000005a   Code   RO         1219    i.HAL_TIM_Base_Init  stm32f4xx_hal_tim.o
    0x08001c3a   0x08001c3a   0x00000002   Code   RO         1221    i.HAL_TIM_Base_MspInit  stm32f4xx_hal_tim.o
    0x08001c3c   0x08001c3c   0x00000080   Code   RO         1224    i.HAL_TIM_Base_Start_IT  stm32f4xx_hal_tim.o
    0x08001cbc   0x08001cbc   0x00000002   Code   RO         1253    i.HAL_TIM_IC_CaptureCallback  stm32f4xx_hal_tim.o
    0x08001cbe   0x08001cbe   0x00000130   Code   RO         1267    i.HAL_TIM_IRQHandler  stm32f4xx_hal_tim.o
    0x08001dee   0x08001dee   0x00000002   PAD
    0x08001df0   0x08001df0   0x00000084   Code   RO         1114    i.HAL_TIM_MspPostInit  stm32f4xx_hal_msp.o
    0x08001e74   0x08001e74   0x00000002   Code   RO         1270    i.HAL_TIM_OC_DelayElapsedCallback  stm32f4xx_hal_tim.o
    0x08001e76   0x08001e76   0x000000cc   Code   RO         1291    i.HAL_TIM_PWM_ConfigChannel  stm32f4xx_hal_tim.o
    0x08001f42   0x08001f42   0x0000005a   Code   RO         1294    i.HAL_TIM_PWM_Init  stm32f4xx_hal_tim.o
    0x08001f9c   0x08001f9c   0x00000044   Code   RO         1116    i.HAL_TIM_PWM_MspInit  stm32f4xx_hal_msp.o
    0x08001fe0   0x08001fe0   0x00000002   Code   RO         1297    i.HAL_TIM_PWM_PulseFinishedCallback  stm32f4xx_hal_tim.o
    0x08001fe2   0x08001fe2   0x00000002   PAD
    0x08001fe4   0x08001fe4   0x000000d0   Code   RO         1299    i.HAL_TIM_PWM_Start  stm32f4xx_hal_tim.o
    0x080020b4   0x080020b4   0x00000014   Code   RO           14    i.HAL_TIM_PeriodElapsedCallback  main.o
    0x080020c8   0x080020c8   0x00000002   Code   RO         1310    i.HAL_TIM_TriggerCallback  stm32f4xx_hal_tim.o
    0x080020ca   0x080020ca   0x00000002   Code   RO         3674    i.HAL_UARTEx_RxEventCallback  stm32f4xx_hal_uart.o
    0x080020cc   0x080020cc   0x00000002   Code   RO         3688    i.HAL_UART_ErrorCallback  stm32f4xx_hal_uart.o
    0x080020ce   0x080020ce   0x00000002   PAD
    0x080020d0   0x080020d0   0x00000280   Code   RO         3691    i.HAL_UART_IRQHandler  stm32f4xx_hal_uart.o
    0x08002350   0x08002350   0x00000064   Code   RO         3692    i.HAL_UART_Init     stm32f4xx_hal_uart.o
    0x080023b4   0x080023b4   0x000000f8   Code   RO         1118    i.HAL_UART_MspInit  stm32f4xx_hal_msp.o
    0x080024ac   0x080024ac   0x0000001c   Code   RO         3697    i.HAL_UART_Receive_IT  stm32f4xx_hal_uart.o
    0x080024c8   0x080024c8   0x000000bc   Code   RO         6775    i.HAL_UART_RxCpltCallback  jetson_link.o
    0x08002584   0x08002584   0x00000088   Code   RO         3701    i.HAL_UART_Transmit_DMA  stm32f4xx_hal_uart.o
    0x0800260c   0x0800260c   0x0000003c   Code   RO         6776    i.HAL_UART_TxCpltCallback  jetson_link.o
    0x08002648   0x08002648   0x00000002   Code   RO         3704    i.HAL_UART_TxHalfCpltCallback  stm32f4xx_hal_uart.o
    0x0800264a   0x0800264a   0x00000002   Code   RO         1038    i.HardFault_Handler  stm32f4xx_it.o
    0x0800264c   0x0800264c   0x000000c0   Code   RO           15    i.MX_GPIO_Init      main.o
    0x0800270c   0x0800270c   0x00000040   Code   RO           16    i.MX_SPI1_Init      main.o
    0x0800274c   0x0800274c   0x000000c8   Code   RO           17    i.MX_TIM1_Init      main.o
    0x08002814   0x08002814   0x00000074   Code   RO           18    i.MX_TIM4_Init      main.o
    0x08002888   0x08002888   0x00000002   Code   RO         1039    i.MemManage_Handler  stm32f4xx_it.o
    0x0800288a   0x0800288a   0x00000002   Code   RO         1040    i.NMI_Handler       stm32f4xx_it.o
    0x0800288c   0x0800288c   0x0000005c   Code   RO         3388    i.SPI_EndRxTransaction  stm32f4xx_hal_spi.o
    0x080028e8   0x080028e8   0x0000006c   Code   RO         3389    i.SPI_EndRxTxTransaction  stm32f4xx_hal_spi.o
    0x08002954   0x08002954   0x000000bc   Code   RO         3394    i.SPI_WaitFlagStateUntilTimeout  stm32f4xx_hal_spi.o
    0x08002a10   0x08002a10   0x00000084   Code   RO           19    i.StartDefaultTask  main.o
    0x08002a94   0x08002a94   0x0000001a   Code   RO         5170    i.SysTick_Handler   cmsis_os2.o
    0x08002aae   0x08002aae   0x00000002   PAD
    0x08002ab0   0x08002ab0   0x00000094   Code   RO           20    i.SystemClock_Config  main.o
    0x08002b44   0x08002b44   0x00000010   Code   RO         4026    i.SystemInit        system_stm32f4xx.o
    0x08002b54   0x08002b54   0x0000000c   Code   RO         1041    i.TIM5_IRQHandler   stm32f4xx_it.o
    0x08002b60   0x08002b60   0x000000d0   Code   RO         1312    i.TIM_Base_SetConfig  stm32f4xx_hal_tim.o
    0x08002c30   0x08002c30   0x0000001a   Code   RO         1313    i.TIM_CCxChannelCmd  stm32f4xx_hal_tim.o
    0x08002c4a   0x08002c4a   0x00000002   PAD
    0x08002c4c   0x08002c4c   0x00000060   Code   RO         1325    i.TIM_OC1_SetConfig  stm32f4xx_hal_tim.o
    0x08002cac   0x08002cac   0x0000006c   Code   RO         1326    i.TIM_OC2_SetConfig  stm32f4xx_hal_tim.o
    0x08002d18   0x08002d18   0x00000068   Code   RO         1327    i.TIM_OC3_SetConfig  stm32f4xx_hal_tim.o
    0x08002d80   0x08002d80   0x00000050   Code   RO         1328    i.TIM_OC4_SetConfig  stm32f4xx_hal_tim.o
    0x08002dd0   0x08002dd0   0x0000000e   Code   RO         3705    i.UART_DMAAbortOnError  stm32f4xx_hal_uart.o
    0x08002dde   0x08002dde   0x0000004a   Code   RO         3706    i.UART_DMAError     stm32f4xx_hal_uart.o
    0x08002e28   0x08002e28   0x00000042   Code   RO         3711    i.UART_DMATransmitCplt  stm32f4xx_hal_uart.o
    0x08002e6a   0x08002e6a   0x0000000a   Code   RO         3713    i.UART_DMATxHalfCplt  stm32f4xx_hal_uart.o
    0x08002e74   0x08002e74   0x0000004e   Code   RO         3715    i.UART_EndRxTransfer  stm32f4xx_hal_uart.o
    0x08002ec2   0x08002ec2   0x0000001c   Code   RO         3716    i.UART_EndTxTransfer  stm32f4xx_hal_uart.o
    0x08002ede   0x08002ede   0x000000c2   Code   RO         3717    i.UART_Receive_IT   stm32f4xx_hal_uart.o
    0x08002fa0   0x08002fa0   0x0000010c   Code   RO         3718    i.UART_SetConfig    stm32f4xx_hal_uart.o
    0x080030ac   0x080030ac   0x00000036   Code   RO         3720    i.UART_Start_Receive_IT  stm32f4xx_hal_uart.o
    0x080030e2   0x080030e2   0x00000002   PAD
    0x080030e4   0x080030e4   0x0000000c   Code   RO         1042    i.USART1_IRQHandler  stm32f4xx_it.o
    0x080030f0   0x080030f0   0x00000002   Code   RO         1043    i.UsageFault_Handler  stm32f4xx_it.o
    0x080030f2   0x080030f2   0x00000026   Code   RO         7062    i.__ARM_fpclassifyf  m_wm.l(fpclassifyf.o)
    0x08003118   0x08003118   0x00000020   Code   RO         2950    i.__NVIC_SetPriority  stm32f4xx_hal_cortex.o
    0x08003138   0x08003138   0x0000012c   Code   RO         6962    i.__hardfp_asinf    m_wm.l(asinf.o)
    0x08003264   0x08003264   0x000002ac   Code   RO         6974    i.__hardfp_atan2f   m_wm.l(atan2f.o)
    0x08003510   0x08003510   0x00000150   Code   RO         6986    i.__hardfp_cosf     m_wm.l(cosf.o)
    0x08003660   0x08003660   0x0000003a   Code   RO         7026    i.__hardfp_sqrtf    m_wm.l(sqrtf.o)
    0x0800369a   0x0800369a   0x00000002   PAD
    0x0800369c   0x0800369c   0x0000017c   Code   RO         7038    i.__hardfp_tanf     m_wm.l(tanf.o)
    0x08003818   0x08003818   0x00000006   Code   RO         7065    i.__mathlib_flt_infnan  m_wm.l(funder.o)
    0x0800381e   0x0800381e   0x00000006   Code   RO         7066    i.__mathlib_flt_infnan2  m_wm.l(funder.o)
    0x08003824   0x08003824   0x00000010   Code   RO         7067    i.__mathlib_flt_invalid  m_wm.l(funder.o)
    0x08003834   0x08003834   0x00000010   Code   RO         7070    i.__mathlib_flt_underflow  m_wm.l(funder.o)
    0x08003844   0x08003844   0x00000154   Code   RO         7078    i.__mathlib_rredf2  m_wm.l(rredf.o)
    0x08003998   0x08003998   0x00000228   Code   RO         6777    i._mav_finalize_message_chan_send  jetson_link.o
    0x08003bc0   0x08003bc0   0x00000008   Code   RO         6778    i._mav_parse_error  jetson_link.o
    0x08003bc8   0x08003bc8   0x00000024   Code   RO         6779    i._mavlink_send_uart  jetson_link.o
    0x08003bec   0x08003bec   0x00000002   Code   RO           21    i._sys_exit         main.o
    0x08003bee   0x08003bee   0x00000002   PAD
    0x08003bf0   0x08003bf0   0x000000fc   Code   RO         6212    i.angleControlInit  attitude_pid.o
    0x08003cec   0x08003cec   0x0000002e   Code   RO         5985    i.applyAxis3fLpf    sensor.o
    0x08003d1a   0x08003d1a   0x00000010   Code   RO         6182    i.clamp             power_control.o
    0x08003d2a   0x08003d2a   0x0000001e   Code   RO         6780    i.crc_accumulate    jetson_link.o
    0x08003d48   0x08003d48   0x00000020   Code   RO         6127    i.getAngleRateData  stabilizer.o
    0x08003d68   0x08003d68   0x00000020   Code   RO         6128    i.getAttitudeData   stabilizer.o
    0x08003d88   0x08003d88   0x00000048   Code   RO         6781    i.getSetpoint       jetson_link.o
    0x08003dd0   0x08003dd0   0x0000005e   Code   RO         5813    i.icm42688_init     icm-42688.o
    0x08003e2e   0x08003e2e   0x0000005e   Code   RO         5815    i.icm42688_read_all  icm-42688.o
    0x08003e8c   0x08003e8c   0x000000c0   Code   RO         6084    i.imuComputeRotationMatrix  sensfusion6.o
    0x08003f4c   0x08003f4c   0x000001ec   Code   RO         6085    i.imuUpdate         sensfusion6.o
    0x08004138   0x08004138   0x0000002c   Code   RO         6086    i.invSqrt           sensfusion6.o
    0x08004164   0x08004164   0x000002c0   Code   RO         6782    i.jetsonLinkTask    jetson_link.o
    0x08004424   0x08004424   0x00000050   Code   RO         6375    i.lpf2pApply        filter.o
    0x08004474   0x08004474   0x00000014   Code   RO         6376    i.lpf2pInit         filter.o
    0x08004488   0x08004488   0x000000a8   Code   RO         6378    i.lpf2pSetCutoffFreq  filter.o
    0x08004530   0x08004530   0x000000bc   Code   RO           23    i.main              main.o
    0x080045ec   0x080045ec   0x000002fc   Code   RO         6783    i.mavlink_frame_char_buffer  jetson_link.o
    0x080048e8   0x080048e8   0x00000120   Code   RO         6784    i.mavlink_sha256_calc  jetson_link.o
    0x08004a08   0x08004a08   0x0000008c   Code   RO         6785    i.mavlink_sha256_final_48  jetson_link.o
    0x08004a94   0x08004a94   0x00000048   Code   RO         6786    i.mavlink_sha256_init  jetson_link.o
    0x08004adc   0x08004adc   0x0000007e   Code   RO         6787    i.mavlink_sha256_update  jetson_link.o
    0x08004b5a   0x08004b5a   0x00000002   PAD
    0x08004b5c   0x08004b5c   0x00000168   Code   RO         6788    i.mavlink_signature_check  jetson_link.o
    0x08004cc4   0x08004cc4   0x00000008   Code   RO         6789    i.mavlink_start_checksum  jetson_link.o
    0x08004ccc   0x08004ccc   0x0000001c   Code   RO         6790    i.mavlink_update_checksum  jetson_link.o
    0x08004ce8   0x08004ce8   0x00000024   Code   RO         5186    i.osKernelInitialize  cmsis_os2.o
    0x08004d0c   0x08004d0c   0x00000038   Code   RO         5189    i.osKernelStart     cmsis_os2.o
    0x08004d44   0x08004d44   0x00000088   Code   RO         5231    i.osThreadNew       cmsis_os2.o
    0x08004dcc   0x08004dcc   0x00000030   Code   RO         6791    i.param_find_by_id  jetson_link.o
    0x08004dfc   0x08004dfc   0x00000060   Code   RO         6792    i.param_send_value  jetson_link.o
    0x08004e5c   0x08004e5c   0x0000003c   Code   RO         6252    i.pidInit           pid.o
    0x08004e98   0x08004e98   0x00000006   Code   RO         6254    i.pidSetDesired     pid.o
    0x08004e9e   0x08004e9e   0x00000006   Code   RO         6257    i.pidSetIntegralLimit  pid.o
    0x08004ea4   0x08004ea4   0x00000006   Code   RO         6261    i.pidSetOutputLimit  pid.o
    0x08004eaa   0x08004eaa   0x000000ac   Code   RO         6262    i.pidUpdate         pid.o
    0x08004f56   0x08004f56   0x00000002   PAD
    0x08004f58   0x08004f58   0x000000b0   Code   RO         6183    i.powerControl      power_control.o
    0x08005008   0x08005008   0x0000010c   Code   RO         5986    i.processAccGyroMeasurements  sensor.o
    0x08005114   0x08005114   0x00000090   Code   RO         5987    i.processAccScale   sensor.o
    0x080051a4   0x080051a4   0x000000a0   Code   RO         5988    i.processGyroBias   sensor.o
    0x08005244   0x08005244   0x0000005c   Code   RO         4634    i.prvAddCurrentTaskToDelayedList  tasks.o
    0x080052a0   0x080052a0   0x000000d0   Code   RO         4635    i.prvAddNewTaskToReadyList  tasks.o
    0x08005370   0x08005370   0x00000058   Code   RO         4999    i.prvCheckForValidListAndQueue  timers.o
    0x080053c8   0x080053c8   0x00000026   Code   RO         4231    i.prvCopyDataFromQueue  queue.o
    0x080053ee   0x080053ee   0x0000006c   Code   RO         4232    i.prvCopyDataToQueue  queue.o
    0x0800545a   0x0800545a   0x00000034   Code   RO         4636    i.prvDeleteTCB      tasks.o
    0x0800548e   0x0800548e   0x00000002   PAD
    0x08005490   0x08005490   0x0000004c   Code   RO         5680    i.prvHeapInit       heap_4.o
    0x080054dc   0x080054dc   0x0000005c   Code   RO         4637    i.prvIdleTask       tasks.o
    0x08005538   0x08005538   0x00000020   Code   RO         4234    i.prvInitialiseNewQueue  queue.o
    0x08005558   0x08005558   0x000000aa   Code   RO         4638    i.prvInitialiseNewTask  tasks.o
    0x08005602   0x08005602   0x00000002   PAD
    0x08005604   0x08005604   0x0000004c   Code   RO         5681    i.prvInsertBlockIntoFreeList  heap_4.o
    0x08005650   0x08005650   0x00000038   Code   RO         5001    i.prvInsertTimerInActiveList  timers.o
    0x08005688   0x08005688   0x0000001a   Code   RO         4235    i.prvIsQueueEmpty   queue.o
    0x080056a2   0x080056a2   0x00000002   PAD
    0x080056a4   0x080056a4   0x000000fc   Code   RO         5002    i.prvProcessReceivedCommands  timers.o
    0x080057a0   0x080057a0   0x000000c0   Code   RO         5003    i.prvProcessTimerOrBlockTask  timers.o
    0x08005860   0x08005860   0x00000020   Code   RO         4640    i.prvResetNextTaskUnblockTime  tasks.o
    0x08005880   0x08005880   0x00000028   Code   RO         5004    i.prvSampleTimeNow  timers.o
    0x080058a8   0x080058a8   0x0000006c   Code   RO         5005    i.prvSwitchTimerLists  timers.o
    0x08005914   0x08005914   0x00000028   Code   RO         5736    i.prvTaskExitError  port.o
    0x0800593c   0x0800593c   0x00000028   Code   RO         5006    i.prvTimerTask      timers.o
    0x08005964   0x08005964   0x0000006a   Code   RO         4236    i.prvUnlockQueue    queue.o
    0x080059ce   0x080059ce   0x00000002   PAD
    0x080059d0   0x080059d0   0x000000dc   Code   RO         5682    i.pvPortMalloc      heap_4.o
    0x08005aac   0x08005aac   0x00000018   Code   RO         4643    i.pvTaskIncrementMutexHeldCount  tasks.o
    0x08005ac4   0x08005ac4   0x0000002c   Code   RO         5737    i.pxPortInitialiseStack  port.o
    0x08005af0   0x08005af0   0x00000004   Code   RO         5989    i.sensorsAcquire    sensor.o
    0x08005af4   0x08005af4   0x0000000c   Code   RO         5990    i.sensorsAreCalibrated  sensor.o
    0x08005b00   0x08005b00   0x00000180   Code   RO         5991    i.sensorsCalculateVarianceAndMean  sensor.o
    0x08005c80   0x08005c80   0x0000001c   Code   RO         5992    i.sensorsDeviceInit  sensor.o
    0x08005c9c   0x08005c9c   0x0000007c   Code   RO         5993    i.sensorsInit       sensor.o
    0x08005d18   0x08005d18   0x0000001c   Code   RO         5994    i.sensorsReadImu    sensor.o
    0x08005d34   0x08005d34   0x00000034   Code   RO         5995    i.sensorsTask       sensor.o
    0x08005d68   0x08005d68   0x00000010   Code   RO         5862    i.spi_cs_disable    spi_driver.o
    0x08005d78   0x08005d78   0x00000010   Code   RO         5863    i.spi_cs_enable     spi_driver.o
    0x08005d88   0x08005d88   0x00000050   Code   RO         5864    i.spi_read_wrapper  spi_driver.o
    0x08005dd8   0x08005dd8   0x00000054   Code   RO         5865    i.spi_write_wrapper  spi_driver.o
    0x08005e2c   0x08005e2c   0x0000003e   Code   RO         7028    i.sqrtf             m_wm.l(sqrtf.o)
    0x08005e6a   0x08005e6a   0x00000004   Code   RO         6129    i.stabilizerInit    stabilizer.o
    0x08005e6e   0x08005e6e   0x00000002   PAD
    0x08005e70   0x08005e70   0x00000084   Code   RO         6130    i.stabilizerTask    stabilizer.o
    0x08005ef4   0x08005ef4   0x000000a4   Code   RO         6341    i.stateControl      state_control.o
    0x08005f98   0x08005f98   0x00000004   Code   RO         5944    i.systemInit        system.o
    0x08005f9c   0x08005f9c   0x00000030   Code   RO         5903    i.thrustersInit     thrusters.o
    0x08005fcc   0x08005fcc   0x00000030   Code   RO         5904    i.thrustersSetRatio  thrusters.o
    0x08005ffc   0x08005ffc   0x00000026   Code   RO         4191    i.uxListRemove      list.o
    0x08006022   0x08006022   0x00000002   PAD
    0x08006024   0x08006024   0x00000014   Code   RO         5243    i.vApplicationGetIdleTaskMemory  cmsis_os2.o
    0x08006038   0x08006038   0x00000018   Code   RO         5244    i.vApplicationGetTimerTaskMemory  cmsis_os2.o
    0x08006050   0x08006050   0x00000016   Code   RO         4192    i.vListInitialise   list.o
    0x08006066   0x08006066   0x00000006   Code   RO         4193    i.vListInitialiseItem  list.o
    0x0800606c   0x0800606c   0x00000030   Code   RO         4194    i.vListInsert       list.o
    0x0800609c   0x0800609c   0x00000018   Code   RO         4195    i.vListInsertEnd    list.o
    0x080060b4   0x080060b4   0x00000040   Code   RO         5739    i.vPortEnterCritical  port.o
    0x080060f4   0x080060f4   0x00000028   Code   RO         5740    i.vPortExitCritical  port.o
    0x0800611c   0x0800611c   0x00000064   Code   RO         5683    i.vPortFree         heap_4.o
    0x08006180   0x08006180   0x00000024   Code   RO         5741    i.vPortSetupTimerInterrupt  port.o
    0x080061a4   0x080061a4   0x00000054   Code   RO         5742    i.vPortValidateInterruptPriority  port.o
    0x080061f8   0x080061f8   0x00000024   Code   RO         4242    i.vQueueAddToRegistry  queue.o
    0x0800621c   0x0800621c   0x00000044   Code   RO         4246    i.vQueueWaitForMessageRestricted  queue.o
    0x08006260   0x08006260   0x0000004c   Code   RO         4653    i.vTaskDelay        tasks.o
    0x080062ac   0x080062ac   0x00000090   Code   RO         4654    i.vTaskDelayUntil   tasks.o
    0x0800633c   0x0800633c   0x00000090   Code   RO         4655    i.vTaskDelete       tasks.o
    0x080063cc   0x080063cc   0x00000010   Code   RO         4658    i.vTaskInternalSetTimeOutState  tasks.o
    0x080063dc   0x080063dc   0x0000000c   Code   RO         4659    i.vTaskMissedYield  tasks.o
    0x080063e8   0x080063e8   0x00000030   Code   RO         4661    i.vTaskPlaceOnEventList  tasks.o
    0x08006418   0x08006418   0x00000038   Code   RO         4662    i.vTaskPlaceOnEventListRestricted  tasks.o
    0x08006450   0x08006450   0x00000090   Code   RO         4664    i.vTaskPriorityDisinheritAfterTimeout  tasks.o
    0x080064e0   0x080064e0   0x00000084   Code   RO         4670    i.vTaskStartScheduler  tasks.o
    0x08006564   0x08006564   0x00000010   Code   RO         4672    i.vTaskSuspendAll   tasks.o
    0x08006574   0x08006574   0x00000064   Code   RO         4673    i.vTaskSwitchContext  tasks.o
    0x080065d8   0x080065d8   0x00000010   Code   RO         5818    i.write_register    icm-42688.o
    0x080065e8   0x080065e8   0x000000f4   Code   RO         5743    i.xPortStartScheduler  port.o
    0x080066dc   0x080066dc   0x0000002c   Code   RO         5744    i.xPortSysTickHandler  port.o
    0x08006708   0x08006708   0x00000042   Code   RO         4251    i.xQueueGenericCreate  queue.o
    0x0800674a   0x0800674a   0x00000066   Code   RO         4252    i.xQueueGenericCreateStatic  queue.o
    0x080067b0   0x080067b0   0x00000088   Code   RO         4253    i.xQueueGenericReset  queue.o
    0x08006838   0x08006838   0x00000164   Code   RO         4254    i.xQueueGenericSend  queue.o
    0x0800699c   0x0800699c   0x000000be   Code   RO         4255    i.xQueueGenericSendFromISR  queue.o
    0x08006a5a   0x08006a5a   0x0000009c   Code   RO         4258    i.xQueueGiveFromISR  queue.o
    0x08006af6   0x08006af6   0x00000002   PAD
    0x08006af8   0x08006af8   0x00000138   Code   RO         4264    i.xQueueReceive     queue.o
    0x08006c30   0x08006c30   0x00000178   Code   RO         4266    i.xQueueSemaphoreTake  queue.o
    0x08006da8   0x08006da8   0x00000074   Code   RO         4675    i.xTaskCheckForTimeOut  tasks.o
    0x08006e1c   0x08006e1c   0x0000005a   Code   RO         4676    i.xTaskCreate       tasks.o
    0x08006e76   0x08006e76   0x0000005a   Code   RO         4677    i.xTaskCreateStatic  tasks.o
    0x08006ed0   0x08006ed0   0x0000001c   Code   RO         4681    i.xTaskGetSchedulerState  tasks.o
    0x08006eec   0x08006eec   0x0000000c   Code   RO         4682    i.xTaskGetTickCount  tasks.o
    0x08006ef8   0x08006ef8   0x000000c8   Code   RO         4684    i.xTaskIncrementTick  tasks.o
    0x08006fc0   0x08006fc0   0x0000007c   Code   RO         4687    i.xTaskPriorityDisinherit  tasks.o
    0x0800703c   0x0800703c   0x0000007c   Code   RO         4688    i.xTaskPriorityInherit  tasks.o
    0x080070b8   0x080070b8   0x00000070   Code   RO         4689    i.xTaskRemoveFromEventList  tasks.o
    0x08007128   0x08007128   0x000000c0   Code   RO         4690    i.xTaskResumeAll    tasks.o
    0x080071e8   0x080071e8   0x00000060   Code   RO         5015    i.xTimerCreateTimerTask  timers.o
    0x08007248   0x08007248   0x00000064   Code   RO         5016    i.xTimerGenericCommand  timers.o
    0x080072ac   0x080072ac   0x00000060   Code   RO         6960    x$fpl$ffltll        fz_wm.l(ffltll_clz.o)
    0x0800730c   0x0800730c   0x0000000a   Code   RO         7186    x$fpl$fpinit        fz_wm.l(fpinit.o)
    0x08007316   0x08007316   0x00000000   Code   RO         7061    x$fpl$usenofp       fz_wm.l(usenofp.o)
    0x08007316   0x08007316   0x00000002   PAD
    0x08007318   0x08007318   0x00000024   Data   RO           26    .constdata          main.o
    0x0800733c   0x0800733c   0x00000008   Data   RO         2664    .constdata          stm32f4xx_hal_dma.o
    0x08007344   0x08007344   0x00000010   Data   RO         4027    .constdata          system_stm32f4xx.o
    0x08007354   0x08007354   0x00000008   Data   RO         4028    .constdata          system_stm32f4xx.o
    0x0800735c   0x0800735c   0x00000d18   Data   RO         6794    .constdata          jetson_link.o
    0x08008074   0x08008074   0x00000020   Data   RO         7079    .constdata          m_wm.l(rredf.o)
    0x08008094   0x08008094   0x0000000a   Data   RO           27    .conststring        main.o
    0x0800809e   0x0800809e   0x00000002   PAD
    0x080080a0   0x080080a0   0x00000020   Data   RO         7242    Region$$Table       anon$$obj.o


    Execution Region RW_IRAM1 (Exec base: 0x20000000, Load base: 0x080080c0, Size: 0x00007500, Max: 0x0001c000, ABSOLUTE, COMPRESSED[0x00000038])

    Exec Addr    Load Addr    Size         Type   Attr      Idx    E Section Name        Object

    0x20000000   COMPRESSED   0x00000004   Data   RW           29    .data               main.o
    0x20000004   COMPRESSED   0x0000000c   Data   RW         3109    .data               stm32f4xx_hal.o
    0x20000010   COMPRESSED   0x00000004   Data   RW         4029    .data               system_stm32f4xx.o
    0x20000014   COMPRESSED   0x0000003c   Data   RW         4693    .data               tasks.o
    0x20000050   COMPRESSED   0x00000014   Data   RW         5024    .data               timers.o
    0x20000064   COMPRESSED   0x00000004   Data   RW         5246    .data               cmsis_os2.o
    0x20000068   COMPRESSED   0x00000020   Data   RW         5689    .data               heap_4.o
    0x20000088   COMPRESSED   0x0000000c   Data   RW         5745    .data               port.o
    0x20000094   COMPRESSED   0x0000001c   Data   RW         5997    .data               sensor.o
    0x200000b0   COMPRESSED   0x00000024   Data   RW         6088    .data               sensfusion6.o
    0x200000d4   COMPRESSED   0x00000094   Data   RW         6751    .data               config_param.o
    0x20000168   COMPRESSED   0x00000014   Data   RW         6795    .data               jetson_link.o
    0x2000017c        -       0x00000178   Zero   RW           24    .bss                main.o
    0x200002f4        -       0x00000060   Zero   RW           25    .bss                main.o
    0x20000354        -       0x00000048   Zero   RW         1181    .bss                stm32f4xx_hal_timebase_tim.o
    0x2000039c        -       0x00000040   Zero   RW         4268    .bss                queue.o
    0x200003dc        -       0x000004c4   Zero   RW         4692    .bss                tasks.o
    0x200008a0        -       0x00000118   Zero   RW         5023    .bss                timers.o
    0x200009b8        -       0x000006b8   Zero   RW         5245    .bss                cmsis_os2.o
    0x20001070        -       0x00003c00   Zero   RW         5688    .bss                heap_4.o
    0x20004c70        -       0x000018f0   Zero   RW         5996    .bss                sensor.o
    0x20006560        -       0x00000024   Zero   RW         6087    .bss                sensfusion6.o
    0x20006584        -       0x000000c8   Zero   RW         6131    .bss                stabilizer.o
    0x2000664c        -       0x000000f0   Zero   RW         6214    .bss                attitude_pid.o
    0x2000673c        -       0x00000760   Zero   RW         6793    .bss                jetson_link.o
    0x20006e9c        -       0x00000060   Zero   RW         7104    .bss                c_w.l(libspace.o)
    0x20006efc   COMPRESSED   0x00000004   PAD
    0x20006f00        -       0x00000200   Zero   RW            2    HEAP                startup_stm32f407xx.o
    0x20007100        -       0x00000400   Zero   RW            1    STACK               startup_stm32f407xx.o


    Execution Region RW_IRAM2 (Exec base: 0x2001c000, Load base: 0x080080f8, Size: 0x00000000, Max: 0x00004000, ABSOLUTE)

    **** No section assigned to this execution region ****


==============================================================================

Image component sizes


      Code (inc. data)   RO Data    RW Data    ZI Data      Debug   Object Name

       252         42          0          0        240       2503   attitude_pid.o
       298         22          0          4       1720      61585   cmsis_os2.o
         0          0          0        148          0        894   config_param.o
         0          0          0          0          0      19376   event_groups.o
       268         14          0          0          0       7017   filter.o
       472         24          0         32      15360       5023   heap_4.o
       204          0          0          0          0       2692   icm-42688.o
      3580        180       3352         20       1888      55591   jetson_link.o
       138          0          0          0          0       3634   list.o
      1066        134         46          4        472     731693   main.o
       250         10          0          0          0       3380   pid.o
       786         80          0         12          0      11541   port.o
       192          6          0          0          0       2117   power_control.o
      2108         22          0          0         64      21708   queue.o
       728         34          0         36         36       3400   sensfusion6.o
      1250        102          0         28       6384       9118   sensor.o
       196         24          0          0          0       2976   spi_driver.o
       200         16          0          0        200       3695   stabilizer.o
        64         26        392          0       1536        836   startup_stm32f407xx.o
       164         20          0          0          0       6118   state_control.o
       116         18          0         12          0       8798   stm32f4xx_hal.o
       158         14          0          0          0      32962   stm32f4xx_hal_cortex.o
      1084         16          8          0          0       7438   stm32f4xx_hal_dma.o
       474         46          0          0          0       2396   stm32f4xx_hal_gpio.o
       648         76          0          0          0       4092   stm32f4xx_hal_msp.o
      1388         82          0          0          0       6137   stm32f4xx_hal_rcc.o
      1762         16          0          0          0       8486   stm32f4xx_hal_spi.o
      1656        138          0          0          0      14279   stm32f4xx_hal_tim.o
       232         28          0          0          0       3485   stm32f4xx_hal_tim_ex.o
       152         20          0          0         72       1583   stm32f4xx_hal_timebase_tim.o
      1696         28          0          0          0      12684   stm32f4xx_hal_uart.o
        48         18          0          0          0       4145   stm32f4xx_it.o
         0          0          0          0          0        392   stream_buffer.o
         4          0          0          0          0        441   system.o
        16          4         24          4          0       1231   system_stm32f4xx.o
      2646        206          0         60       1220      31541   tasks.o
        96         20          0          0          0       1100   thrusters.o
       972         82          0         20        280      29683   timers.o

    ----------------------------------------------------------------------
     25408       1568       3856        380      29472    1125770   Object Totals
         0          0         32          0          0          0   (incl. Generated)
        44          0          2          0          0          0   (incl. Padding)

    ----------------------------------------------------------------------

      Code (inc. data)   RO Data    RW Data    ZI Data      Debug   Library Member Name

        90          0          0          0          0          0   __dczerorl2.o
         8          0          0          0          0         68   __main.o
         0          0          0          0          0          0   __rtentry.o
        12          0          0          0          0          0   __rtentry2.o
         6          0          0          0          0          0   __rtentry4.o
        52          8          0          0          0          0   __scatter.o
        28          0          0          0          0          0   __scatter_zi.o
        22          0          0          0          0        100   _rserrno.o
        16          0          0          0          0         68   aeabi_memset.o
        18          0          0          0          0         80   exit.o
         6          0          0          0          0        152   heapauxi.o
         2          0          0          0          0          0   libinit.o
         6          0          0          0          0          0   libinit2.o
         2          0          0          0          0          0   libshutdown.o
         2          0          0          0          0          0   libshutdown2.o
         8          4          0          0         96         68   libspace.o
        72          0          0          0          0         76   llsdiv.o
       238          0          0          0          0        100   lludivv7m.o
        88          0          0          0          0         76   memcmp.o
         8          4          0          0          0         68   rt_errno_addr_intlibspace.o
        68          0          0          0          0         68   rt_memclr.o
        78          0          0          0          0         80   rt_memclr_w.o
       138          0          0          0          0         68   rt_memcpy_v6.o
       100          0          0          0          0         80   rt_memcpy_w.o
         2          0          0          0          0          0   rtexit.o
        10          0          0          0          0          0   rtexit2.o
       150          0          0          0          0         80   strncmp.o
        74          0          0          0          0         80   sys_stackheap_outer.o
         2          0          0          0          0         68   use_no_semi.o
         2          0          0          0          0         68   use_no_semi_2.o
        96          0          0          0          0        132   ffltll_clz.o
        10          0          0          0          0        116   fpinit.o
         0          0          0          0          0          0   usenofp.o
       300         42          0          0          0        176   asinf.o
       684         90          0          0          0        208   atan2f.o
       336         56          0          0          0        136   cosf.o
        38          0          0          0          0        116   fpclassifyf.o
        44         12          0          0          0        464   funder.o
       340         24         32          0          0        160   rredf.o
       120          0          0          0          0        272   sqrtf.o
       380         58          0          0          0        200   tanf.o

    ----------------------------------------------------------------------
      3664        298         32          0        100       3428   Library Totals
         8          0          0          0          4          0   (incl. Padding)

    ----------------------------------------------------------------------

      Code (inc. data)   RO Data    RW Data    ZI Data      Debug   Library Name

      1308         16          0          0         96       1448   c_w.l
       106          0          0          0          0        248   fz_wm.l
      2242        282         32          0          0       1732   m_wm.l

    ----------------------------------------------------------------------
      3664        298         32          0        100       3428   Library Totals

    ----------------------------------------------------------------------

==============================================================================


      Code (inc. data)   RO Data    RW Data    ZI Data      Debug   

     29072       1866       3888        380      29572    1105870   Grand Totals
     29072       1866       3888         56      29572    1105870   ELF Image Totals (compressed)
     29072       1866       3888         56          0          0   ROM Totals

==============================================================================

    Total RO  Size (Code + RO Data)                32960 (  32.19kB)
    Total RW  Size (RW Data + ZI Data)             29952 (  29.25kB)
    Total ROM Size (Code + RO Data + RW Data)      33016 (  32.24kB)

==============================================================================

